#
# A fatal error has been detected by the Java Runtime Environment:
#
#  EXCEPTION_ACCESS_VIOLATION (0xc0000005) at pc=0x00007ffed5f6c506, pid=16504, tid=8092
#
# JRE version: OpenJDK Runtime Environment Temurin-21.0.7+6 (21.0.7+6) (build 21.0.7+6-LTS)
# Java VM: OpenJDK 64-Bit Server VM Temurin-21.0.7+6 (21.0.7+6-LTS, mixed mode, emulated-client, sharing, tiered, compressed oops, compressed class ptrs, g1 gc, windows-amd64)
# Problematic frame:
# V  [jvm.dll+0xc506]
#
# No core dump will be written. Minidumps are not enabled by default on client versions of Windows
#
# If you would like to submit a bug report, please visit:
#   https://github.com/adoptium/adoptium-support/issues
#

---------------  S U M M A R Y ------------

Command Line: -XX:+ShowCodeDetailsInExceptionMessages -agentlib:jdwp=transport=dt_socket,suspend=y,address=localhost:49796 -Dcom.sun.management.jmxremote -Dcom.sun.management.jmxremote.port=49794 -Dcom.sun.management.jmxremote.authenticate=false -Dcom.sun.management.jmxremote.ssl=false -Djava.rmi.server.hostname=localhost -Dspring.jmx.enabled=true -Dmanagement.endpoints.jmx.exposure.include=* -Dspring.application.admin.enabled=true -Dspring.output.ansi.enabled=always -XX:TieredStopAtLevel=1 -Dspring.boot.project.name=sp03 -javaagent:D:\Dev_eclipse\eclipse\configuration\org.eclipse.osgi\442\0\.cp\lib\javaagent-shaded.jar -Dfile.encoding=UTF-8 -Dstdout.encoding=UTF-8 -Dstderr.encoding=UTF-8 com.yedam.app.Sp03Application

Host: Intel(R) Core(TM) i7-2600 CPU @ 3.40GHz, 8 cores, 15G,  Windows 10 , 64 bit Build 19041 (10.0.19041.5915)
Time: Wed Jan 14 16:35:55 2026  Windows 10 , 64 bit Build 19041 (10.0.19041.5915) elapsed time: 7345.487404 seconds (0d 2h 2m 25s)

---------------  T H R E A D  ---------------

Current thread (0x000001f8f83a43f0):  WorkerThread "GC Thread#6"    [id=8092, stack(0x000000507a100000,0x000000507a200000) (1024K)]

Stack: [0x000000507a100000,0x000000507a200000],  sp=0x000000507a1fe318,  free space=1016k
Native frames: (J=compiled Java code, j=interpreted, Vv=VM code, C=native code)
V  [jvm.dll+0xc506]

JavaThread 0x000001f8f819e640 (nid = 6932) was being processed
Java frames: (J=compiled Java code, j=interpreted, Vv=VM code)
j  java.lang.invoke.LambdaForm$DMH+0x000001f8b41b0800.invokeVirtual(Ljava/lang/Object;Ljava/lang/Object;Ljava/lang/Object;)Ljava/lang/Object;+11 java.base@21.0.7
J 8754 c1 java.lang.invoke.LambdaForm$MH+0x000001f8b43e0c00.invoke(Ljava/lang/Object;Ljava/lang/Object;Ljava/lang/Object;)Ljava/lang/Object; java.base@21.0.7 (56 bytes) @ 0x000001f8a7f3c9d4 [0x000001f8a7f3c860+0x0000000000000174]
J 4019 c1 jdk.internal.reflect.DirectMethodHandleAccessor.invoke(Ljava/lang/Object;[Ljava/lang/Object;)Ljava/lang/Object; java.base@21.0.7 (92 bytes) @ 0x000001f8a8653184 [0x000001f8a8652e20+0x0000000000000364]
J 4023 c1 java.lang.reflect.Method.invoke(Ljava/lang/Object;[Ljava/lang/Object;)Ljava/lang/Object; java.base@21.0.7 (108 bytes) @ 0x000001f8a864da74 [0x000001f8a864d880+0x00000000000001f4]
j  org.springframework.web.method.support.InvocableHandlerMethod.doInvoke([Ljava/lang/Object;)Ljava/lang/Object;+55
j  org.springframework.web.method.support.InvocableHandlerMethod.invokeForRequest(Lorg/springframework/web/context/request/NativeWebRequest;Lorg/springframework/web/method/support/ModelAndViewContainer;[Ljava/lang/Object;)Ljava/lang/Object;+82
j  org.springframework.web.servlet.mvc.method.annotation.ServletInvocableHandlerMethod.invokeAndHandle(Lorg/springframework/web/context/request/ServletWebRequest;Lorg/springframework/web/method/support/ModelAndViewContainer;[Ljava/lang/Object;)V+4
j  org.springframework.web.servlet.mvc.method.annotation.RequestMappingHandlerAdapter.invokeHandlerMethod(Ljakarta/servlet/http/HttpServletRequest;Ljakarta/servlet/http/HttpServletResponse;Lorg/springframework/web/method/HandlerMethod;)Lorg/springframework/web/servlet/ModelAndView;+309
j  org.springframework.web.servlet.mvc.method.annotation.RequestMappingHandlerAdapter.handleInternal(Ljakarta/servlet/http/HttpServletRequest;Ljakarta/servlet/http/HttpServletResponse;Lorg/springframework/web/method/HandlerMethod;)Lorg/springframework/web/servlet/ModelAndView;+81
j  org.springframework.web.servlet.mvc.method.AbstractHandlerMethodAdapter.handle(Ljakarta/servlet/http/HttpServletRequest;Ljakarta/servlet/http/HttpServletResponse;Ljava/lang/Object;)Lorg/springframework/web/servlet/ModelAndView;+7
j  org.springframework.web.servlet.DispatcherServlet.doDispatch(Ljakarta/servlet/http/HttpServletRequest;Ljakarta/servlet/http/HttpServletResponse;)V+304
j  org.springframework.web.servlet.DispatcherServlet.doService(Ljakarta/servlet/http/HttpServletRequest;Ljakarta/servlet/http/HttpServletResponse;)V+242
j  org.springframework.web.servlet.FrameworkServlet.processRequest(Ljakarta/servlet/http/HttpServletRequest;Ljakarta/servlet/http/HttpServletResponse;)V+70
j  org.springframework.web.servlet.FrameworkServlet.doGet(Ljakarta/servlet/http/HttpServletRequest;Ljakarta/servlet/http/HttpServletResponse;)V+3
j  jakarta.servlet.http.HttpServlet.service(Ljakarta/servlet/http/HttpServletRequest;Ljakarta/servlet/http/HttpServletResponse;)V+35
j  org.springframework.web.servlet.FrameworkServlet.service(Ljakarta/servlet/http/HttpServletRequest;Ljakarta/servlet/http/HttpServletResponse;)V+20
j  jakarta.servlet.http.HttpServlet.service(Ljakarta/servlet/ServletRequest;Ljakarta/servlet/ServletResponse;)V+37
j  org.apache.catalina.core.ApplicationFilterChain.internalDoFilter(Ljakarta/servlet/ServletRequest;Ljakarta/servlet/ServletResponse;)V+300
j  org.apache.catalina.core.ApplicationFilterChain.doFilter(Ljakarta/servlet/ServletRequest;Ljakarta/servlet/ServletResponse;)V+99
j  org.apache.tomcat.websocket.server.WsFilter.doFilter(Ljakarta/servlet/ServletRequest;Ljakarta/servlet/ServletResponse;Ljakarta/servlet/FilterChain;)V+21
j  org.apache.catalina.core.ApplicationFilterChain.internalDoFilter(Ljakarta/servlet/ServletRequest;Ljakarta/servlet/ServletResponse;)V+130
j  org.apache.catalina.core.ApplicationFilterChain.doFilter(Ljakarta/servlet/ServletRequest;Ljakarta/servlet/ServletResponse;)V+99
j  org.springframework.web.filter.RequestContextFilter.doFilterInternal(Ljakarta/servlet/http/HttpServletRequest;Ljakarta/servlet/http/HttpServletResponse;Ljakarta/servlet/FilterChain;)V+21
j  org.springframework.web.filter.OncePerRequestFilter.doFilter(Ljakarta/servlet/ServletRequest;Ljakarta/servlet/ServletResponse;Ljakarta/servlet/FilterChain;)V+150
j  org.apache.catalina.core.ApplicationFilterChain.internalDoFilter(Ljakarta/servlet/ServletRequest;Ljakarta/servlet/ServletResponse;)V+130
j  org.apache.catalina.core.ApplicationFilterChain.doFilter(Ljakarta/servlet/ServletRequest;Ljakarta/servlet/ServletResponse;)V+99
j  org.springframework.web.filter.FormContentFilter.doFilterInternal(Ljakarta/servlet/http/HttpServletRequest;Ljakarta/servlet/http/HttpServletResponse;Ljakarta/servlet/FilterChain;)V+38
j  org.springframework.web.filter.OncePerRequestFilter.doFilter(Ljakarta/servlet/ServletRequest;Ljakarta/servlet/ServletResponse;Ljakarta/servlet/FilterChain;)V+150
j  org.apache.catalina.core.ApplicationFilterChain.internalDoFilter(Ljakarta/servlet/ServletRequest;Ljakarta/servlet/ServletResponse;)V+130
j  org.apache.catalina.core.ApplicationFilterChain.doFilter(Ljakarta/servlet/ServletRequest;Ljakarta/servlet/ServletResponse;)V+99
j  org.springframework.web.filter.ServerHttpObservationFilter.doFilterInternal(Ljakarta/servlet/http/HttpServletRequest;Ljakarta/servlet/http/HttpServletResponse;Ljakarta/servlet/FilterChain;)V+28
j  org.springframework.web.filter.OncePerRequestFilter.doFilter(Ljakarta/servlet/ServletRequest;Ljakarta/servlet/ServletResponse;Ljakarta/servlet/FilterChain;)V+150
j  org.apache.catalina.core.ApplicationFilterChain.internalDoFilter(Ljakarta/servlet/ServletRequest;Ljakarta/servlet/ServletResponse;)V+130
j  org.apache.catalina.core.ApplicationFilterChain.doFilter(Ljakarta/servlet/ServletRequest;Ljakarta/servlet/ServletResponse;)V+99
j  org.springframework.web.filter.CharacterEncodingFilter.doFilterInternal(Ljakarta/servlet/http/HttpServletRequest;Ljakarta/servlet/http/HttpServletResponse;Ljakarta/servlet/FilterChain;)V+53
j  org.springframework.web.filter.OncePerRequestFilter.doFilter(Ljakarta/servlet/ServletRequest;Ljakarta/servlet/ServletResponse;Ljakarta/servlet/FilterChain;)V+150
j  org.apache.catalina.core.ApplicationFilterChain.internalDoFilter(Ljakarta/servlet/ServletRequest;Ljakarta/servlet/ServletResponse;)V+130
j  org.apache.catalina.core.ApplicationFilterChain.doFilter(Ljakarta/servlet/ServletRequest;Ljakarta/servlet/ServletResponse;)V+99
j  org.apache.catalina.core.StandardWrapperValve.invoke(Lorg/apache/catalina/connector/Request;Lorg/apache/catalina/connector/Response;)V+511
j  org.apache.catalina.core.StandardContextValve.invoke(Lorg/apache/catalina/connector/Request;Lorg/apache/catalina/connector/Response;)V+169
j  org.apache.catalina.authenticator.AuthenticatorBase.invoke(Lorg/apache/catalina/connector/Request;Lorg/apache/catalina/connector/Response;)V+221
j  org.apache.catalina.core.StandardHostValve.invoke(Lorg/apache/catalina/connector/Request;Lorg/apache/catalina/connector/Response;)V+131
j  org.apache.catalina.valves.ErrorReportValve.invoke(Lorg/apache/catalina/connector/Request;Lorg/apache/catalina/connector/Response;)V+6
j  org.apache.catalina.core.StandardEngineValve.invoke(Lorg/apache/catalina/connector/Request;Lorg/apache/catalina/connector/Response;)V+59
j  org.apache.catalina.connector.CoyoteAdapter.service(Lorg/apache/coyote/Request;Lorg/apache/coyote/Response;)V+188
j  org.apache.coyote.http11.Http11Processor.service(Lorg/apache/tomcat/util/net/SocketWrapperBase;)Lorg/apache/tomcat/util/net/AbstractEndpoint$Handler$SocketState;+796
j  org.apache.coyote.AbstractProcessorLight.process(Lorg/apache/tomcat/util/net/SocketWrapperBase;Lorg/apache/tomcat/util/net/SocketEvent;)Lorg/apache/tomcat/util/net/AbstractEndpoint$Handler$SocketState;+155
j  org.apache.coyote.AbstractProtocol$ConnectionHandler.process(Lorg/apache/tomcat/util/net/SocketWrapperBase;Lorg/apache/tomcat/util/net/SocketEvent;)Lorg/apache/tomcat/util/net/AbstractEndpoint$Handler$SocketState;+477
j  org.apache.tomcat.util.net.NioEndpoint$SocketProcessor.doRun()V+222
j  org.apache.tomcat.util.net.SocketProcessorBase.run()V+32
j  org.apache.tomcat.util.threads.ThreadPoolExecutor.runWorker(Lorg/apache/tomcat/util/threads/ThreadPoolExecutor$Worker;)V+92
j  org.apache.tomcat.util.threads.ThreadPoolExecutor$Worker.run()V+5
j  org.apache.tomcat.util.threads.TaskThread$WrappingRunnable.run()V+4
J 10445 c1 java.lang.Thread.run()V java.base@21.0.7 (23 bytes) @ 0x000001f8a89b1e5c [0x000001f8a89b1dc0+0x000000000000009c]
v  ~StubRoutines::call_stub 0x000001f8a7ca100d

siginfo: EXCEPTION_ACCESS_VIOLATION (0xc0000005), reading address 0x000001f9a7aec27b


Registers:
RAX=0x0000000000000000, RBX=0x0000000000000000, RCX=0x000000507b4fd5f8, RDX=0x000000507b4fd5f8
RSP=0x000000507a1fe318, RBP=0x000000507a1fe4f0, RSI=0x000000507a1fe6c0, RDI=0x000000507b4fd5f8
R8 =0x000001f9a7aec273, R9 =0x000000507b4fd5f8, R10=0x000001f8a7ca0000, R11=0x000000507a1fe568
R12=0x000001f8b3541870, R13=0x000000507b4fd5f8, R14=0x000001f8b2911530, R15=0x000001f9a7aec273
RIP=0x00007ffed5f6c506, EFLAGS=0x0000000000010202

XMM[0]=0x3b3b3b3b3b3b3b3b 0x3b3b3b3b3b3b3b3b
XMM[1]=0x00000000000000ff 0x0000000000000000
XMM[2]=0x0000000000000000 0x0000000000000000
XMM[3]=0x0000000000000000 0x40bcb16cdb3cd218
XMM[4]=0x0000000000000000 0x0000000000000000
XMM[5]=0x0000000000000000 0x0000000000000000
XMM[6]=0x0000000000000000 0x0000000000000000
XMM[7]=0x0000000000000000 0x0000000000000000
XMM[8]=0x0000000000000000 0x0000000000000000
XMM[9]=0x0000000000000000 0x0000000000000000
XMM[10]=0x0000000000000000 0x0000000000000000
XMM[11]=0x0000000000000000 0x0000000000000000
XMM[12]=0x0000000000000000 0x0000000000000000
XMM[13]=0x0000000000000000 0x0000000000000000
XMM[14]=0x0000000000000000 0x0000000000000000
XMM[15]=0x0000000000000000 0x0000000000000000
  MXCSR=0x00001fa0


Register to memory mapping:

RAX=0x0 is null
RBX=0x0 is null
RCX=0x000000507b4fd5f8 is pointing into the stack for thread: 0x000001f8f819e640
RDX=0x000000507b4fd5f8 is pointing into the stack for thread: 0x000001f8f819e640
RSP=0x000000507a1fe318 points into unknown readable memory: 0x00007ffed62b7f3b | 3b 7f 2b d6 fe 7f 00 00
RBP=0x000000507a1fe4f0 points into unknown readable memory: 0x0000005000000000 | 00 00 00 00 50 00 00 00
RSI=0x000000507a1fe6c0 points into unknown readable memory: 0x000000507b4fd5e8 | e8 d5 4f 7b 50 00 00 00
RDI=0x000000507b4fd5f8 is pointing into the stack for thread: 0x000001f8f819e640
R8 =0x000001f9a7aec273 is an unknown value
R9 =0x000000507b4fd5f8 is pointing into the stack for thread: 0x000001f8f819e640
R10=0x000001f8a7ca0000 points into unknown readable memory: 0x0000000000000006 | 06 00 00 00 00 00 00 00
R11=0x000000507a1fe568 points into unknown readable memory: 0x00007ffed62747cd | cd 47 27 d6 fe 7f 00 00
R12=0x000001f8b3541870 is pointing into metadata
R13=0x000000507b4fd5f8 is pointing into the stack for thread: 0x000001f8f819e640
R14=0x000001f8b2911530 points into unknown readable memory: 0x00007ffed698bca8 | a8 bc 98 d6 fe 7f 00 00
R15=0x000001f9a7aec273 is an unknown value

Top of Stack: (sp=0x000000507a1fe318)
0x000000507a1fe318:   00007ffed62b7f3b 0000000000000000
0x000000507a1fe328:   0000000000000005 000001f8b2911530
0x000000507a1fe338:   0000000000000010 000000507a1fe460
0x000000507a1fe348:   000000507a1fe4e0 000001f8b2939e98
0x000000507a1fe358:   00007ffed66f7482 000000000000014e
0x000000507a1fe368:   00007ffed661c362 000001f8fa593dc8
0x000000507a1fe378:   0000000000000000 000001f8f8268c30
0x000000507a1fe388:   000001f8b2939ab0 000001f8b3541870
0x000000507a1fe398:   000000507b4fd5f8 000000507a1fe6c0
0x000000507a1fe3a8:   000000507a1fe4f0 000001f8fa593dc8
0x000000507a1fe3b8:   00007ffed62c6504 000000507a1fe480
0x000000507a1fe3c8:   000000507a1fe6c0 000001f8b3480090
0x000000507a1fe3d8:   0000000000000000 000001f8fa593dc8
0x000000507a1fe3e8:   00007ffed6274d7b 0000000000000002
0x000000507a1fe3f8:   000001f8f4aec280 000001f8fa593dc8
0x000000507a1fe408:   000000507a1fe6c0 0000000ba7e62601
0x000000507a1fe418:   000001f8f4aec280 000001f8f83a43f0
0x000000507a1fe428:   000001f800000004 00000000000003d8
0x000000507a1fe438:   000001f8b2939ac0 000001f8b2939e98
0x000000507a1fe448:   000001f8f4aec273 000001f8000000b8
0x000000507a1fe458:   000001f8f4aec280 00007ffed6983210
0x000000507a1fe468:   000000507a1fe6c0 000001f8fa593dc8
0x000000507a1fe478:   0000000200000001 000001f8b3541870
0x000000507a1fe488:   0000001300000001 0000000000000055
0x000000507a1fe498:   000000010000000c 000001f8b3480090
0x000000507a1fe4a8:   0000000000000000 000001f8f866dedc
0x000000507a1fe4b8:   000034f300000002 0000000300000001
0x000000507a1fe4c8:   0000ffff09a0e500 00007ffed67bb100
0x000000507a1fe4d8:   000001f8fa593dc8 000001f8f5a84470
0x000000507a1fe4e8:   00000002b293000a 0000005000000000
0x000000507a1fe4f8:   0000000000000001 000001f8fa593dc8
0x000000507a1fe508:   00007ffed62c655e 0000000000000000 

Instructions: (pc=0x00007ffed5f6c506)
0x00007ffed5f6c406:   48 8b 05 e3 f5 cc 00 48 8b 48 60 48 8b 04 d1 48
0x00007ffed5f6c416:   85 c0 75 08 48 8b 05 d7 f5 cc 00 c3 48 8b 05 c7
0x00007ffed5f6c426:   f5 cc 00 c3 cc cc cc cc cc cc 8b 05 82 cb c1 00
0x00007ffed5f6c436:   c3 cc cc cc cc cc cc cc cc cc 0f b6 05 db e1 c1
0x00007ffed5f6c446:   00 48 8b d1 84 c0 74 16 44 8b 41 08 8b 0d 60 cb
0x00007ffed5f6c456:   c1 00 49 d3 e0 4c 03 05 4e cb c1 00 eb 04 4c 8b
0x00007ffed5f6c466:   41 08 45 8b 48 08 45 85 c9 7e 0e 41 f6 c1 01 75
0x00007ffed5f6c476:   53 41 c1 f9 03 49 63 c1 c3 79 49 84 c0 41 b8 0c
0x00007ffed5f6c486:   00 00 00 8b 05 99 dc c1 00 b9 10 00 00 00 41 0f
0x00007ffed5f6c496:   45 c8 ff c8 4c 63 c0 41 8b c1 48 c1 f8 10 0f b6
0x00007ffed5f6c4a6:   c0 48 63 14 11 41 8b c9 83 e1 3f 48 d3 e2 49 8d
0x00007ffed5f6c4b6:   0c 10 49 f7 d0 48 03 c1 49 c1 e8 03 48 c1 e8 03
0x00007ffed5f6c4c6:   49 23 c0 c3 49 8b 00 49 8b c8 48 ff a0 00 01 00
0x00007ffed5f6c4d6:   00 cc cc cc cc cc cc cc cc cc 8b 44 24 30 45 03
0x00007ffed5f6c4e6:   c9 44 2b 4c 24 28 83 c0 0b 44 03 ca 45 03 c8 41
0x00007ffed5f6c4f6:   03 c1 c3 cc cc cc cc cc cc cc 4c 8b c2 48 8b d1
0x00007ffed5f6c506:   45 8b 48 08 45 85 c9 7e 0e 41 f6 c1 01 75 56 41
0x00007ffed5f6c516:   c1 f9 03 49 63 c1 c3 79 4c 80 3d fc e0 c1 00 00
0x00007ffed5f6c526:   b8 0c 00 00 00 b9 10 00 00 00 0f 45 c8 8b 05 ef
0x00007ffed5f6c536:   db c1 00 ff c8 4c 63 c0 41 8b c1 48 c1 f8 10 48
0x00007ffed5f6c546:   63 14 11 41 8b c9 83 e1 3f 0f b6 c0 48 d3 e2 49
0x00007ffed5f6c556:   8d 0c 10 49 f7 d0 48 03 c1 49 c1 e8 03 48 c1 e8
0x00007ffed5f6c566:   03 49 23 c0 c3 49 8b 00 49 8b c8 48 ff a0 00 01
0x00007ffed5f6c576:   00 00 cc cc cc cc cc cc cc cc 48 8b 41 08 0f b7
0x00007ffed5f6c586:   48 2c 0f b7 40 2a 83 c0 48 03 c1 c3 cc cc cc cc
0x00007ffed5f6c596:   cc cc cc cc cc cc cc cc cc cc 48 89 5c 24 08 57
0x00007ffed5f6c5a6:   48 83 ec 20 0f b6 05 8f dd cc 00 48 8b fa 48 8b
0x00007ffed5f6c5b6:   d9 84 c0 74 4f 48 85 15 26 d5 cc 00 74 38 48 8b
0x00007ffed5f6c5c6:   ca e8 54 d5 8c 00 48 8b d0 48 85 db 74 25 48 85
0x00007ffed5f6c5d6:   c0 74 20 48 8b c7 f0 48 0f b1 13 74 16 48 85 05
0x00007ffed5f6c5e6:   fe d4 cc 00 74 0d 48 8b c8 f0 48 0f b1 13 48 3b
0x00007ffed5f6c5f6:   c1 75 ea 48 8b fa 48 8b c7 48 8b 5c 24 30 48 83 


Stack slot to memory mapping:

stack at sp + 0 slots: 0x00007ffed62b7f3b jvm.dll
stack at sp + 1 slots: 0x0 is null
stack at sp + 2 slots: 0x0000000000000005 is an unknown value
stack at sp + 3 slots: 0x000001f8b2911530 points into unknown readable memory: 0x00007ffed698bca8 | a8 bc 98 d6 fe 7f 00 00
stack at sp + 4 slots: 0x0000000000000010 is an unknown value
stack at sp + 5 slots: 0x000000507a1fe460 points into unknown readable memory: 0x00007ffed6983210 | 10 32 98 d6 fe 7f 00 00
stack at sp + 6 slots: 0x000000507a1fe4e0 points into unknown readable memory: 0x000001f8f5a84470 | 70 44 a8 f5 f8 01 00 00
stack at sp + 7 slots: 0x000001f8b2939e98 points into unknown readable memory: 0x88000f007f436ccc | cc 6c 43 7f 00 0f 00 88


---------------  P R O C E S S  ---------------

Threads class SMR info:
_java_thread_list=0x000001f8fa7aa5d0, length=61, elements={
0x000001f8b28329b0, 0x000001f8b2835720, 0x000001f8b2837490, 0x000001f8b2838310,
0x000001f8b2841180, 0x000001f8b28439a0, 0x000001f8b28476b0, 0x000001f8b27ff6e0,
0x000001f8b2985d90, 0x000001f8b29a7030, 0x000001f8b29a76b0, 0x000001f8f814c160,
0x000001f8f82e0980, 0x000001f8f82eb980, 0x000001f8f83915e0, 0x000001f8f8a10190,
0x000001f8f8a21f20, 0x000001f8f8a21200, 0x000001f8f8a23960, 0x000001f8f8a232d0,
0x000001f8fa446c50, 0x000001f8fa441070, 0x000001f8f81a0da0, 0x000001f8f81a1ac0,
0x000001f8f819f9f0, 0x000001f8fa440350, 0x000001f8f81a0710, 0x000001f8f81a1430,
0x000001f8f81a2150, 0x000001f8f819ecd0, 0x000001f8f819dfb0, 0x000001f8f819bee0,
0x000001f8f819d290, 0x000001f8f81a27e0, 0x000001f8f819b850, 0x000001f8f81a2e70,
0x000001f8f819e640, 0x000001f8f819c570, 0x000001f8f819cc00, 0x000001f8fa445f30,
0x000001f8fa441700, 0x000001f8fa442ab0, 0x000001f8fa4409e0, 0x000001f8fa447970,
0x000001f8fa4458a0, 0x000001f8fa443140, 0x000001f8fa442420, 0x000001f8fa4437d0,
0x000001f8fa443e60, 0x000001f8fa4444f0, 0x000001f8fa445210, 0x000001f8fa441d90,
0x000001f8fa444b80, 0x000001f8f81a0080, 0x000001f8f819d920, 0x000001f8f819f360,
0x000001f8f8a22c40, 0x000001f8f8a225b0, 0x000001f8f8a24680, 0x000001f8f8518ec0,
0x000001f8f851a270
}

Java Threads: ( => current thread )
  0x000001f8b28329b0 JavaThread "Reference Handler"          daemon [_thread_blocked, id=6192, stack(0x0000005078d00000,0x0000005078e00000) (1024K)]
  0x000001f8b2835720 JavaThread "Finalizer"                  daemon [_thread_blocked, id=9952, stack(0x0000005078e00000,0x0000005078f00000) (1024K)]
  0x000001f8b2837490 JavaThread "Signal Dispatcher"          daemon [_thread_blocked, id=14036, stack(0x0000005078f00000,0x0000005079000000) (1024K)]
  0x000001f8b2838310 JavaThread "Attach Listener"            daemon [_thread_blocked, id=1108, stack(0x0000005079000000,0x0000005079100000) (1024K)]
  0x000001f8b2841180 JavaThread "Service Thread"             daemon [_thread_blocked, id=9692, stack(0x0000005079100000,0x0000005079200000) (1024K)]
  0x000001f8b28439a0 JavaThread "Monitor Deflation Thread"   daemon [_thread_blocked, id=18896, stack(0x0000005079200000,0x0000005079300000) (1024K)]
  0x000001f8b28476b0 JavaThread "C1 CompilerThread0"         daemon [_thread_blocked, id=4976, stack(0x0000005079300000,0x0000005079400000) (1024K)]
  0x000001f8b27ff6e0 JavaThread "Common-Cleaner"             daemon [_thread_blocked, id=2144, stack(0x0000005079400000,0x0000005079500000) (1024K)]
  0x000001f8b2985d90 JavaThread "JDWP Transport Listener: dt_socket" daemon [_thread_blocked, id=12836, stack(0x0000005079600000,0x0000005079700000) (1024K)]
  0x000001f8b29a7030 JavaThread "JDWP Event Helper Thread"   daemon [_thread_blocked, id=3256, stack(0x0000005079700000,0x0000005079800000) (1024K)]
  0x000001f8b29a76b0 JavaThread "JDWP Command Reader"        daemon [_thread_blocked, id=17052, stack(0x0000005079800000,0x0000005079900000) (1024K)]
  0x000001f8f814c160 JavaThread "Notification Thread"        daemon [_thread_blocked, id=13552, stack(0x0000005079900000,0x0000005079a00000) (1024K)]
  0x000001f8f82e0980 JavaThread "RMI TCP Accept-0"           daemon [_thread_in_native, id=17860, stack(0x0000005079a00000,0x0000005079b00000) (1024K)]
  0x000001f8f82eb980 JavaThread "RMI TCP Accept-49794"       daemon [_thread_in_native, id=8888, stack(0x0000005079b00000,0x0000005079c00000) (1024K)]
  0x000001f8f83915e0 JavaThread "RMI TCP Accept-0"           daemon [_thread_in_native, id=1728, stack(0x000000507a300000,0x000000507a400000) (1024K)]
  0x000001f8f8a10190 JavaThread "RMI Scheduler(0)"           daemon [_thread_blocked, id=18332, stack(0x000000507a800000,0x000000507a900000) (1024K)]
  0x000001f8f8a21f20 JavaThread "JMX server connection timeout 41" daemon [_thread_blocked, id=6020, stack(0x000000507aa00000,0x000000507ab00000) (1024K)]
  0x000001f8f8a21200 JavaThread "oracle.jdbc.diagnostics.Diagnostic.CLOCK" daemon [_thread_blocked, id=15068, stack(0x000000507b000000,0x000000507b100000) (1024K)]
  0x000001f8f8a23960 JavaThread "oracle.jdbc.driver.BlockSource.ThreadedCachingBlockSource.BlockReleaser" daemon [_thread_blocked, id=12620, stack(0x000000507b100000,0x000000507b200000) (1024K)]
  0x000001f8f8a232d0 JavaThread "InterruptTimer"             daemon [_thread_blocked, id=2372, stack(0x000000507b300000,0x000000507b400000) (1024K)]
  0x000001f8fa446c50 JavaThread "Live Reload Server"         daemon [_thread_in_native, id=18072, stack(0x000000507b900000,0x000000507ba00000) (1024K)]
  0x000001f8fa441070 JavaThread "DestroyJavaVM"                     [_thread_blocked, id=8932, stack(0x0000005078500000,0x0000005078600000) (1024K)]
  0x000001f8f81a0da0 JavaThread "JMX server connection timeout 81" daemon [_thread_blocked, id=6376, stack(0x000000507a600000,0x000000507a700000) (1024K)]
  0x000001f8f81a1ac0 JavaThread "JMX server connection timeout 86" daemon [_thread_blocked, id=8676, stack(0x000000507d100000,0x000000507d200000) (1024K)]
  0x000001f8f819f9f0 JavaThread "JMX server connection timeout 88" daemon [_thread_blocked, id=16864, stack(0x000000507d000000,0x000000507d100000) (1024K)]
  0x000001f8fa440350 JavaThread "RMI TCP Connection(172)-127.0.0.1" daemon [_thread_blocked, id=3596, stack(0x000000507be00000,0x000000507bf00000) (1024K)]
  0x000001f8f81a0710 JavaThread "RMI TCP Connection(164)-127.0.0.1" daemon [_thread_in_native, id=17588, stack(0x000000507bf00000,0x000000507c000000) (1024K)]
  0x000001f8f81a1430 JavaThread "File Watcher"               daemon [_thread_blocked, id=14944, stack(0x0000005078300000,0x0000005078400000) (1024K)]
  0x000001f8f81a2150 JavaThread "File Watcher"               daemon [_thread_blocked, id=6196, stack(0x000000507a400000,0x000000507a500000) (1024K)]
  0x000001f8f819ecd0 JavaThread "File Watcher"               daemon [_thread_blocked, id=10904, stack(0x000000507a500000,0x000000507a600000) (1024K)]
  0x000001f8f819dfb0 JavaThread "Catalina-utility-1"                [_thread_blocked, id=6740, stack(0x000000507a700000,0x000000507a800000) (1024K)]
  0x000001f8f819bee0 JavaThread "Catalina-utility-2"                [_thread_blocked, id=17200, stack(0x000000507a900000,0x000000507aa00000) (1024K)]
  0x000001f8f819d290 JavaThread "container-3"                       [_thread_blocked, id=2052, stack(0x000000507ab00000,0x000000507ac00000) (1024K)]
  0x000001f8f81a27e0 JavaThread "OJDBC-WORKER-THREAD-19"     daemon [_thread_blocked, id=18080, stack(0x000000507ac00000,0x000000507ad00000) (1024K)]
  0x000001f8f819b850 JavaThread "HikariPool-12:housekeeper"  daemon [_thread_blocked, id=4804, stack(0x000000507ae00000,0x000000507af00000) (1024K)]
  0x000001f8f81a2e70 JavaThread "http-nio-8099-exec-1"       daemon [_thread_blocked, id=4356, stack(0x000000507b200000,0x000000507b300000) (1024K)]
  0x000001f8f819e640 JavaThread "http-nio-8099-exec-2"       daemon [_thread_blocked, id=6932, stack(0x000000507b400000,0x000000507b500000) (1024K)]
  0x000001f8f819c570 JavaThread "http-nio-8099-exec-3"       daemon [_thread_blocked, id=696, stack(0x000000507b500000,0x000000507b600000) (1024K)]
  0x000001f8f819cc00 JavaThread "http-nio-8099-exec-4"       daemon [_thread_blocked, id=2248, stack(0x000000507b600000,0x000000507b700000) (1024K)]
  0x000001f8fa445f30 JavaThread "http-nio-8099-exec-5"       daemon [_thread_blocked, id=4240, stack(0x000000507b700000,0x000000507b800000) (1024K)]
  0x000001f8fa441700 JavaThread "http-nio-8099-exec-6"       daemon [_thread_blocked, id=7480, stack(0x000000507b800000,0x000000507b900000) (1024K)]
  0x000001f8fa442ab0 JavaThread "http-nio-8099-exec-7"       daemon [_thread_blocked, id=10508, stack(0x000000507ba00000,0x000000507bb00000) (1024K)]
  0x000001f8fa4409e0 JavaThread "http-nio-8099-exec-8"       daemon [_thread_blocked, id=9612, stack(0x000000507bb00000,0x000000507bc00000) (1024K)]
  0x000001f8fa447970 JavaThread "http-nio-8099-exec-9"       daemon [_thread_blocked, id=12568, stack(0x000000507bc00000,0x000000507bd00000) (1024K)]
  0x000001f8fa4458a0 JavaThread "http-nio-8099-exec-10"      daemon [_thread_blocked, id=16556, stack(0x000000507bd00000,0x000000507be00000) (1024K)]
  0x000001f8fa443140 JavaThread "http-nio-8099-Poller"       daemon [_thread_blocked, id=15100, stack(0x000000507c000000,0x000000507c100000) (1024K)]
  0x000001f8fa442420 JavaThread "RMI TCP Connection(173)-127.0.0.1" daemon [_thread_blocked, id=15320, stack(0x000000507c200000,0x000000507c300000) (1024K)]
  0x000001f8fa4437d0 JavaThread "RMI TCP Connection(171)-127.0.0.1" daemon [_thread_in_native, id=15124, stack(0x000000507c300000,0x000000507c400000) (1024K)]
  0x000001f8fa443e60 JavaThread "RMI TCP Connection(170)-127.0.0.1" daemon [_thread_blocked, id=9392, stack(0x000000507c400000,0x000000507c500000) (1024K)]
  0x000001f8fa4444f0 JavaThread "Thread-49"                         [_thread_blocked, id=16908, stack(0x0000005078200000,0x0000005078300000) (1024K)]
  0x000001f8fa445210 JavaThread "tomcat-shutdown"                   [_thread_blocked, id=13544, stack(0x0000005079500000,0x0000005079600000) (1024K)]
  0x000001f8fa441d90 JavaThread "JMX server connection timeout 497" daemon [_thread_blocked, id=6188, stack(0x000000507af00000,0x000000507b000000) (1024K)]
  0x000001f8fa444b80 JavaThread "JMX server connection timeout 498" daemon [_thread_blocked, id=16736, stack(0x000000507c100000,0x000000507c200000) (1024K)]
  0x000001f8f81a0080 JavaThread "JMX server connection timeout 499" daemon [_thread_blocked, id=6492, stack(0x000000507c500000,0x000000507c600000) (1024K)]
  0x000001f8f819d920 JavaThread "RMI TCP Connection(174)-127.0.0.1" daemon [_thread_blocked, id=18980, stack(0x000000507c600000,0x000000507c700000) (1024K)]
  0x000001f8f819f360 JavaThread "JMX server connection timeout 501" daemon [_thread_blocked, id=12676, stack(0x000000507c700000,0x000000507c800000) (1024K)]
  0x000001f8f8a22c40 JavaThread "RMI TCP Connection(175)-127.0.0.1" daemon [_thread_blocked, id=16332, stack(0x000000507c800000,0x000000507c900000) (1024K)]
  0x000001f8f8a225b0 JavaThread "JMX server connection timeout 503" daemon [_thread_blocked, id=9364, stack(0x000000507c900000,0x000000507ca00000) (1024K)]
  0x000001f8f8a24680 JavaThread "RMI TCP Connection(176)-127.0.0.1" daemon [_thread_blocked, id=15496, stack(0x000000507ca00000,0x000000507cb00000) (1024K)]
  0x000001f8f8518ec0 JavaThread "JMX server connection timeout 505" daemon [_thread_blocked, id=10176, stack(0x000000507cb00000,0x000000507cc00000) (1024K)]
  0x000001f8f851a270 JavaThread "RMI TCP Connection(177)-127.0.0.1" daemon [_thread_blocked, id=6568, stack(0x000000507cc00000,0x000000507cd00000) (1024K)]
Total: 61

Other Threads:
  0x000001f8b280fdc0 VMThread "VM Thread"                           [id=18592, stack(0x0000005078c00000,0x0000005078d00000) (1024K)]
  0x000001f8b27fe330 WatcherThread "VM Periodic Task Thread"        [id=13716, stack(0x0000005078b00000,0x0000005078c00000) (1024K)]
  0x000001f8a4360cf0 WorkerThread "GC Thread#0"                     [id=9708, stack(0x0000005078600000,0x0000005078700000) (1024K)]
  0x000001f8f8310830 WorkerThread "GC Thread#1"                     [id=5532, stack(0x0000005079c00000,0x0000005079d00000) (1024K)]
  0x000001f8f8310bd0 WorkerThread "GC Thread#2"                     [id=8564, stack(0x0000005079d00000,0x0000005079e00000) (1024K)]
  0x000001f8f8301020 WorkerThread "GC Thread#3"                     [id=18376, stack(0x0000005079e00000,0x0000005079f00000) (1024K)]
  0x000001f8f830edd0 WorkerThread "GC Thread#4"                     [id=5856, stack(0x0000005079f00000,0x000000507a000000) (1024K)]
  0x000001f8f830f170 WorkerThread "GC Thread#5"                     [id=9468, stack(0x000000507a000000,0x000000507a100000) (1024K)]
=>0x000001f8f83a43f0 WorkerThread "GC Thread#6"                     [id=8092, stack(0x000000507a100000,0x000000507a200000) (1024K)]
  0x000001f8f83a4790 WorkerThread "GC Thread#7"                     [id=1536, stack(0x000000507a200000,0x000000507a300000) (1024K)]
  0x000001f8a4372280 ConcurrentGCThread "G1 Main Marker"            [id=17880, stack(0x0000005078700000,0x0000005078800000) (1024K)]
  0x000001f8a43735e0 WorkerThread "G1 Conc#0"                       [id=7924, stack(0x0000005078800000,0x0000005078900000) (1024K)]
  0x000001f8f89253b0 WorkerThread "G1 Conc#1"                       [id=14788, stack(0x000000507ad00000,0x000000507ae00000) (1024K)]
  0x000001f8b26c0970 ConcurrentGCThread "G1 Refine#0"               [id=5876, stack(0x0000005078900000,0x0000005078a00000) (1024K)]
  0x000001f8b26c12f0 ConcurrentGCThread "G1 Service"                [id=15552, stack(0x0000005078a00000,0x0000005078b00000) (1024K)]
Total: 15

Threads with active compile tasks:
Total: 0

VM state: at safepoint (normal execution)

VM Mutex/Monitor currently owned by a thread:  ([mutex/lock_event])
[0x00007ffed6c0e308] Threads_lock - owner thread: 0x000001f8b280fdc0
[0x00007ffed6c0e408] Heap_lock - owner thread: 0x000001f8f851a270

Heap address: 0x0000000701600000, size: 4074 MB, Compressed Oops mode: Zero based, Oop shift amount: 3

CDS archive(s) mapped at: [0x000001f8b3000000-0x000001f8b3c80000-0x000001f8b3c80000), size 13107200, SharedBaseAddress: 0x000001f8b3000000, ArchiveRelocationMode: 1.
Compressed class space mapped at: 0x000001f8b4000000-0x000001f8f4000000, reserved size: 1073741824
Narrow klass base: 0x000001f8b3000000, Narrow klass shift: 0, Narrow klass range: 0x100000000

GC Precious Log:
 CardTable entry size: 512
 Card Set container configuration: InlinePtr #cards 4 size 8 Array Of Cards #cards 16 size 48 Howl #buckets 8 coarsen threshold 3686 Howl Bitmap #cards 512 size 80 coarsen threshold 460 Card regions per heap region 1 cards per card region 4096
 CPUs: 8 total, 8 available
 Memory: 16295M
 Large Page Support: Disabled
 NUMA Support: Disabled
 Compressed Oops: Enabled (Zero based)
 Heap Region Size: 2M
 Heap Min Capacity: 8M
 Heap Initial Capacity: 256M
 Heap Max Capacity: 4074M
 Pre-touch: Disabled
 Parallel Workers: 8
 Concurrent Workers: 2
 Concurrent Refinement Workers: 8
 Periodic GC: Disabled

Heap:
 garbage-first heap   total 75776K, used 63387K [0x0000000701600000, 0x0000000800000000)
  region size 2048K, 14 young (28672K), 2 survivors (4096K)
 Metaspace       used 52178K, committed 52992K, reserved 1114112K
  class space    used 7017K, committed 7360K, reserved 1048576K

Heap Regions: E=young(eden), S=young(survivor), O=old, HS=humongous(starts), HC=humongous(continues), CS=collection set, F=free, TAMS=top-at-mark-start, PB=parsable bottom
|   0|0x0000000701600000, 0x0000000701800000, 0x0000000701800000|100%| O|  |TAMS 0x0000000701600000| PB 0x0000000701600000| Untracked 
|   1|0x0000000701800000, 0x00000007019fffe8, 0x0000000701a00000| 99%| O|  |TAMS 0x0000000701800000| PB 0x0000000701800000| Untracked 
|   2|0x0000000701a00000, 0x0000000701bffff0, 0x0000000701c00000| 99%| O|  |TAMS 0x0000000701a00000| PB 0x0000000701a00000| Untracked 
|   3|0x0000000701c00000, 0x0000000701dffff8, 0x0000000701e00000| 99%| O|  |TAMS 0x0000000701c00000| PB 0x0000000701c00000| Untracked 
|   4|0x0000000701e00000, 0x0000000702000000, 0x0000000702000000|100%| O|  |TAMS 0x0000000701e00000| PB 0x0000000701e00000| Untracked 
|   5|0x0000000702000000, 0x00000007021fffd8, 0x0000000702200000| 99%| O|  |TAMS 0x0000000702000000| PB 0x0000000702000000| Untracked 
|   6|0x0000000702200000, 0x00000007023fff00, 0x0000000702400000| 99%| O|  |TAMS 0x0000000702200000| PB 0x0000000702200000| Untracked 
|   7|0x0000000702400000, 0x0000000702600000, 0x0000000702600000|100%| O|  |TAMS 0x0000000702400000| PB 0x0000000702400000| Untracked 
|   8|0x0000000702600000, 0x00000007027fffe0, 0x0000000702800000| 99%| O|  |TAMS 0x0000000702600000| PB 0x0000000702600000| Untracked 
|   9|0x0000000702800000, 0x0000000702a00000, 0x0000000702a00000|100%| O|  |TAMS 0x0000000702800000| PB 0x0000000702800000| Untracked 
|  10|0x0000000702a00000, 0x0000000702c00000, 0x0000000702c00000|100%| O|  |TAMS 0x0000000702a00000| PB 0x0000000702a00000| Untracked 
|  11|0x0000000702c00000, 0x0000000702e00000, 0x0000000702e00000|100%| O|  |TAMS 0x0000000702c00000| PB 0x0000000702c00000| Untracked 
|  12|0x0000000702e00000, 0x0000000703000000, 0x0000000703000000|100%| O|Cm|TAMS 0x0000000702e00000| PB 0x0000000702e00000| Complete 
|  13|0x0000000703000000, 0x0000000703200000, 0x0000000703200000|100%| O|Cm|TAMS 0x0000000703000000| PB 0x0000000703000000| Complete 
|  14|0x0000000703200000, 0x0000000703400000, 0x0000000703400000|100%| O|Cm|TAMS 0x0000000703200000| PB 0x0000000703200000| Complete 
|  15|0x0000000703400000, 0x0000000703600000, 0x0000000703600000|100%| O|  |TAMS 0x0000000703400000| PB 0x0000000703400000| Untracked 
|  16|0x0000000703600000, 0x0000000703800000, 0x0000000703800000|100%| O|Cm|TAMS 0x0000000703600000| PB 0x0000000703600000| Complete 
|  17|0x0000000703800000, 0x0000000703a00000, 0x0000000703a00000|100%| O|  |TAMS 0x0000000703800000| PB 0x0000000703800000| Untracked 
|  18|0x0000000703a00000, 0x0000000703b4d360, 0x0000000703c00000| 65%| O|  |TAMS 0x0000000703a00000| PB 0x0000000703a00000| Untracked 
|  19|0x0000000703c00000, 0x0000000703c00000, 0x0000000703e00000|  0%| F|  |TAMS 0x0000000703c00000| PB 0x0000000703c00000| Untracked 
|  20|0x0000000703e00000, 0x0000000703e00000, 0x0000000704000000|  0%| F|  |TAMS 0x0000000703e00000| PB 0x0000000703e00000| Untracked 
|  21|0x0000000704000000, 0x0000000704179d30, 0x0000000704200000| 73%| E|CS|TAMS 0x0000000704000000| PB 0x0000000704000000| Complete 
|  22|0x0000000704200000, 0x0000000704400000, 0x0000000704400000|100%| E|CS|TAMS 0x0000000704200000| PB 0x0000000704200000| Complete 
|  23|0x0000000704400000, 0x00000007044e0308, 0x0000000704600000| 43%| S|  |TAMS 0x0000000704400000| PB 0x0000000704400000| Complete 
|  24|0x0000000704600000, 0x0000000704800000, 0x0000000704800000|100%| S|  |TAMS 0x0000000704600000| PB 0x0000000704600000| Complete 
|  25|0x0000000704800000, 0x0000000704a00000, 0x0000000704a00000|100%| E|CS|TAMS 0x0000000704800000| PB 0x0000000704800000| Complete 
|  26|0x0000000704a00000, 0x0000000704c00000, 0x0000000704c00000|100%| E|CS|TAMS 0x0000000704a00000| PB 0x0000000704a00000| Complete 
|  27|0x0000000704c00000, 0x0000000704e00000, 0x0000000704e00000|100%| E|CS|TAMS 0x0000000704c00000| PB 0x0000000704c00000| Complete 
|  28|0x0000000704e00000, 0x0000000705000000, 0x0000000705000000|100%| E|CS|TAMS 0x0000000704e00000| PB 0x0000000704e00000| Complete 
|  29|0x0000000705000000, 0x0000000705200000, 0x0000000705200000|100%| E|CS|TAMS 0x0000000705000000| PB 0x0000000705000000| Complete 
|  30|0x0000000705200000, 0x0000000705400000, 0x0000000705400000|100%| E|CS|TAMS 0x0000000705200000| PB 0x0000000705200000| Complete 
|  31|0x0000000705400000, 0x0000000705600000, 0x0000000705600000|100%| E|CS|TAMS 0x0000000705400000| PB 0x0000000705400000| Complete 
|  32|0x0000000705600000, 0x0000000705800000, 0x0000000705800000|100%| E|CS|TAMS 0x0000000705600000| PB 0x0000000705600000| Complete 
|  33|0x0000000705800000, 0x0000000705a00000, 0x0000000705a00000|100%| E|CS|TAMS 0x0000000705800000| PB 0x0000000705800000| Complete 
|  34|0x0000000705a00000, 0x0000000705c00000, 0x0000000705c00000|100%| E|CS|TAMS 0x0000000705a00000| PB 0x0000000705a00000| Complete 
|  35|0x0000000705c00000, 0x0000000705e00000, 0x0000000705e00000|100%| E|CS|TAMS 0x0000000705c00000| PB 0x0000000705c00000| Complete 
|  36|0x0000000705e00000, 0x0000000706000000, 0x0000000706000000|100%| E|CS|TAMS 0x0000000705e00000| PB 0x0000000705e00000| Complete 

Card table byte_map: [0x000001f8ab5b0000,0x000001f8abdb0000] _byte_map_base: 0x000001f8a7da5000

Marking Bits: (CMBitMap*) 0x000001f8a4361300
 Bits: [0x000001f8abdb0000, 0x000001f8afd58000)

Polling page: 0x000001f8a2270000

Metaspace:

Usage:
  Non-class:     44.10 MB used.
      Class:      6.85 MB used.
       Both:     50.96 MB used.

Virtual space:
  Non-class space:       64.00 MB reserved,      44.56 MB ( 70%) committed,  1 nodes.
      Class space:        1.00 GB reserved,       7.19 MB ( <1%) committed,  1 nodes.
             Both:        1.06 GB reserved,      51.75 MB (  5%) committed. 

Chunk freelists:
   Non-Class:  3.48 MB
       Class:  8.71 MB
        Both:  12.19 MB

MaxMetaspaceSize: unlimited
CompressedClassSpaceSize: 1.00 GB
Initial GC threshold: 21.00 MB
Current GC threshold: 85.94 MB
CDS: on
 - commit_granule_bytes: 65536.
 - commit_granule_words: 8192.
 - virtual_space_node_default_size: 8388608.
 - enlarge_chunks_in_place: 1.
 - use_allocation_guard: 0.


Internal statistics:

num_allocs_failed_limit: 6.
num_arena_births: 3806.
num_arena_deaths: 2676.
num_vsnodes_births: 2.
num_vsnodes_deaths: 0.
num_space_committed: 828.
num_space_uncommitted: 0.
num_chunks_returned_to_freelist: 3377.
num_chunks_taken_from_freelist: 6644.
num_chunk_merges: 675.
num_chunk_splits: 3297.
num_chunks_enlarged: 2031.
num_inconsistent_stats: 0.

CodeCache: size=49152Kb used=16161Kb max_used=17552Kb free=32990Kb
 bounds [0x000001f8a7ca0000, 0x000001f8a8de0000, 0x000001f8aaca0000]
 total_blobs=8275 nmethods=7602 adapters=595
 compilation: enabled
              stopped_count=0, restarted_count=0
 full_count=0

Compilation events (20 events):
Event: 7314.454 Thread 0x000001f8b28476b0 11819       1       jdk.internal.reflect.AccessorGenerator::emitMethod (276 bytes)
Event: 7314.456 Thread 0x000001f8b28476b0 nmethod 11819 0x000001f8a8db2e90 code [0x000001f8a8db3320, 0x000001f8a8db4b30]
Event: 7314.456 Thread 0x000001f8b28476b0 11817       1       jdk.internal.reflect.ClassFileAssembler::emitShort (38 bytes)
Event: 7314.457 Thread 0x000001f8b28476b0 nmethod 11817 0x000001f8a8db2790 code [0x000001f8a8db2960, 0x000001f8a8db2c20]
Event: 7314.457 Thread 0x000001f8b28476b0 11814       1       java.io.ObjectStreamClass$Caches$1::computeValue (6 bytes)
Event: 7314.457 Thread 0x000001f8b28476b0 nmethod 11814 0x000001f8a8db2390 code [0x000001f8a8db2540, 0x000001f8a8db26a8]
Event: 7314.457 Thread 0x000001f8b28476b0 11815       1       java.io.ObjectStreamClass$Caches$1::computeValue (9 bytes)
Event: 7314.457 Thread 0x000001f8b28476b0 nmethod 11815 0x000001f8a8db1f90 code [0x000001f8a8db2140, 0x000001f8a8db22a8]
Event: 7314.457 Thread 0x000001f8b28476b0 11818       1       jdk.internal.reflect.ClassFileAssembler::opc_dup_x1 (11 bytes)
Event: 7314.457 Thread 0x000001f8b28476b0 nmethod 11818 0x000001f8a8db1b10 code [0x000001f8a8db1cc0, 0x000001f8a8db1e20]
Event: 7325.004 Thread 0x000001f8b28476b0 11821       1       java.rmi.dgc.VMID::equals (118 bytes)
Event: 7325.005 Thread 0x000001f8b28476b0 nmethod 11821 0x000001f8a8db1010 code [0x000001f8a8db11e0, 0x000001f8a8db1520]
Event: 7330.571 Thread 0x000001f8b28476b0 11822   !   1       org.springframework.boot.web.embedded.tomcat.GracefulShutdown::isActive (70 bytes)
Event: 7330.572 Thread 0x000001f8b28476b0 nmethod 11822 0x000001f8a8db0710 code [0x000001f8a8db0900, 0x000001f8a8db0c70]
Event: 7330.572 Thread 0x000001f8b28476b0 11823       1       org.apache.catalina.core.StandardContext::getInProgressAsyncCount (8 bytes)
Event: 7330.572 Thread 0x000001f8b28476b0 nmethod 11823 0x000001f8a8db0410 code [0x000001f8a8db05a0, 0x000001f8a8db0680]
Event: 7330.572 Thread 0x000001f8b28476b0 11824       1       org.apache.catalina.core.StandardWrapper::getCountAllocated (8 bytes)
Event: 7330.572 Thread 0x000001f8b28476b0 nmethod 11824 0x000001f8a8db0110 code [0x000001f8a8db02a0, 0x000001f8a8db0378]
Event: 7343.489 Thread 0x000001f8b28476b0 11825       1       java.util.IdentityHashMap::isEmpty (13 bytes)
Event: 7343.489 Thread 0x000001f8b28476b0 nmethod 11825 0x000001f8a8dafe10 code [0x000001f8a8daffa0, 0x000001f8a8db0078]

GC Heap History (20 events):
Event: 5838.915 GC heap after
{Heap after GC invocations=60 (full 10):
 garbage-first heap   total 75776K, used 28819K [0x0000000701600000, 0x0000000800000000)
  region size 2048K, 2 young (4096K), 2 survivors (4096K)
 Metaspace       used 51597K, committed 52800K, reserved 1114112K
  class space    used 6895K, committed 7360K, reserved 1048576K
}
Event: 7031.109 GC heap before
{Heap before GC invocations=60 (full 10):
 garbage-first heap   total 75776K, used 61587K [0x0000000701600000, 0x0000000800000000)
  region size 2048K, 18 young (36864K), 2 survivors (4096K)
 Metaspace       used 51658K, committed 52800K, reserved 1114112K
  class space    used 6907K, committed 7360K, reserved 1048576K
}
Event: 7031.113 GC heap after
{Heap after GC invocations=61 (full 10):
 garbage-first heap   total 75776K, used 29721K [0x0000000701600000, 0x0000000800000000)
  region size 2048K, 3 young (6144K), 3 survivors (6144K)
 Metaspace       used 51658K, committed 52800K, reserved 1114112K
  class space    used 6907K, committed 7360K, reserved 1048576K
}
Event: 7213.083 GC heap before
{Heap before GC invocations=61 (full 10):
 garbage-first heap   total 75776K, used 46105K [0x0000000701600000, 0x0000000800000000)
  region size 2048K, 12 young (24576K), 3 survivors (6144K)
 Metaspace       used 51671K, committed 52800K, reserved 1114112K
  class space    used 6910K, committed 7360K, reserved 1048576K
}
Event: 7213.143 GC heap after
{Heap after GC invocations=62 (full 11):
 garbage-first heap   total 75776K, used 20177K [0x0000000701600000, 0x0000000800000000)
  region size 2048K, 0 young (0K), 0 survivors (0K)
 Metaspace       used 51549K, committed 52800K, reserved 1114112K
  class space    used 6887K, committed 7360K, reserved 1048576K
}
Event: 7213.696 GC heap before
{Heap before GC invocations=62 (full 11):
 garbage-first heap   total 75776K, used 59089K [0x0000000701600000, 0x0000000800000000)
  region size 2048K, 20 young (40960K), 0 survivors (0K)
 Metaspace       used 51598K, committed 52800K, reserved 1114112K
  class space    used 6898K, committed 7360K, reserved 1048576K
}
Event: 7213.700 GC heap after
{Heap after GC invocations=63 (full 11):
 garbage-first heap   total 75776K, used 24390K [0x0000000701600000, 0x0000000800000000)
  region size 2048K, 3 young (6144K), 3 survivors (6144K)
 Metaspace       used 51598K, committed 52800K, reserved 1114112K
  class space    used 6898K, committed 7360K, reserved 1048576K
}
Event: 7223.654 GC heap before
{Heap before GC invocations=64 (full 11):
 garbage-first heap   total 75776K, used 59206K [0x0000000701600000, 0x0000000800000000)
  region size 2048K, 20 young (40960K), 3 survivors (6144K)
 Metaspace       used 51938K, committed 52800K, reserved 1114112K
  class space    used 6965K, committed 7360K, reserved 1048576K
}
Event: 7223.660 GC heap after
{Heap after GC invocations=65 (full 11):
 garbage-first heap   total 75776K, used 28029K [0x0000000701600000, 0x0000000800000000)
  region size 2048K, 3 young (6144K), 3 survivors (6144K)
 Metaspace       used 51938K, committed 52800K, reserved 1114112K
  class space    used 6965K, committed 7360K, reserved 1048576K
}
Event: 7227.480 GC heap before
{Heap before GC invocations=65 (full 11):
 garbage-first heap   total 75776K, used 58749K [0x0000000701600000, 0x0000000800000000)
  region size 2048K, 18 young (36864K), 3 survivors (6144K)
 Metaspace       used 51960K, committed 52800K, reserved 1114112K
  class space    used 6970K, committed 7360K, reserved 1048576K
}
Event: 7227.488 GC heap after
{Heap after GC invocations=66 (full 11):
 garbage-first heap   total 75776K, used 29306K [0x0000000701600000, 0x0000000800000000)
  region size 2048K, 2 young (4096K), 2 survivors (4096K)
 Metaspace       used 51960K, committed 52800K, reserved 1114112K
  class space    used 6970K, committed 7360K, reserved 1048576K
}
Event: 7227.885 GC heap before
{Heap before GC invocations=66 (full 11):
 garbage-first heap   total 75776K, used 60026K [0x0000000701600000, 0x0000000800000000)
  region size 2048K, 18 young (36864K), 2 survivors (4096K)
 Metaspace       used 51972K, committed 52800K, reserved 1114112K
  class space    used 6972K, committed 7360K, reserved 1048576K
}
Event: 7227.889 GC heap after
{Heap after GC invocations=67 (full 11):
 garbage-first heap   total 75776K, used 32052K [0x0000000701600000, 0x0000000800000000)
  region size 2048K, 3 young (6144K), 3 survivors (6144K)
 Metaspace       used 51972K, committed 52800K, reserved 1114112K
  class space    used 6972K, committed 7360K, reserved 1048576K
}
Event: 7292.215 GC heap before
{Heap before GC invocations=68 (full 11):
 garbage-first heap   total 75776K, used 60724K [0x0000000701600000, 0x0000000800000000)
  region size 2048K, 17 young (34816K), 3 survivors (6144K)
 Metaspace       used 51983K, committed 52800K, reserved 1114112K
  class space    used 6974K, committed 7360K, reserved 1048576K
}
Event: 7292.220 GC heap after
{Heap after GC invocations=69 (full 11):
 garbage-first heap   total 75776K, used 34133K [0x0000000701600000, 0x0000000800000000)
  region size 2048K, 3 young (6144K), 3 survivors (6144K)
 Metaspace       used 51983K, committed 52800K, reserved 1114112K
  class space    used 6974K, committed 7360K, reserved 1048576K
}
Event: 7292.519 GC heap before
{Heap before GC invocations=69 (full 11):
 garbage-first heap   total 75776K, used 60757K [0x0000000701600000, 0x0000000800000000)
  region size 2048K, 16 young (32768K), 3 survivors (6144K)
 Metaspace       used 51985K, committed 52800K, reserved 1114112K
  class space    used 6975K, committed 7360K, reserved 1048576K
}
Event: 7292.524 GC heap after
{Heap after GC invocations=70 (full 11):
 garbage-first heap   total 75776K, used 35435K [0x0000000701600000, 0x0000000800000000)
  region size 2048K, 2 young (4096K), 2 survivors (4096K)
 Metaspace       used 51985K, committed 52800K, reserved 1114112K
  class space    used 6975K, committed 7360K, reserved 1048576K
}
Event: 7292.862 GC heap before
{Heap before GC invocations=70 (full 11):
 garbage-first heap   total 75776K, used 62059K [0x0000000701600000, 0x0000000800000000)
  region size 2048K, 15 young (30720K), 2 survivors (4096K)
 Metaspace       used 52084K, committed 52928K, reserved 1114112K
  class space    used 6999K, committed 7360K, reserved 1048576K
}
Event: 7292.866 GC heap after
{Heap after GC invocations=71 (full 11):
 garbage-first heap   total 75776K, used 38811K [0x0000000701600000, 0x0000000800000000)
  region size 2048K, 2 young (4096K), 2 survivors (4096K)
 Metaspace       used 52084K, committed 52928K, reserved 1114112K
  class space    used 6999K, committed 7360K, reserved 1048576K
}
Event: 7345.425 GC heap before
{Heap before GC invocations=72 (full 11):
 garbage-first heap   total 75776K, used 63387K [0x0000000701600000, 0x0000000800000000)
  region size 2048K, 14 young (28672K), 2 survivors (4096K)
 Metaspace       used 52178K, committed 52992K, reserved 1114112K
  class space    used 7017K, committed 7360K, reserved 1048576K
}

Dll operation events (12 events):
Event: 0.221 Loaded shared library D:\Dev_eclipse\eclipse\plugins\org.eclipse.justj.openjdk.hotspot.jre.full.win32.x86_64_21.0.7.v20250502-0916\jre\bin\java.dll
Event: 0.290 Loaded shared library D:\Dev_eclipse\eclipse\plugins\org.eclipse.justj.openjdk.hotspot.jre.full.win32.x86_64_21.0.7.v20250502-0916\jre\bin\zip.dll
Event: 0.574 Loaded shared library D:\Dev_eclipse\eclipse\plugins\org.eclipse.justj.openjdk.hotspot.jre.full.win32.x86_64_21.0.7.v20250502-0916\jre\bin\instrument.dll
Event: 0.616 Loaded shared library D:\Dev_eclipse\eclipse\plugins\org.eclipse.justj.openjdk.hotspot.jre.full.win32.x86_64_21.0.7.v20250502-0916\jre\bin\net.dll
Event: 0.656 Loaded shared library D:\Dev_eclipse\eclipse\plugins\org.eclipse.justj.openjdk.hotspot.jre.full.win32.x86_64_21.0.7.v20250502-0916\jre\bin\nio.dll
Event: 0.659 Loaded shared library D:\Dev_eclipse\eclipse\plugins\org.eclipse.justj.openjdk.hotspot.jre.full.win32.x86_64_21.0.7.v20250502-0916\jre\bin\zip.dll
Event: 0.819 Loaded shared library D:\Dev_eclipse\eclipse\plugins\org.eclipse.justj.openjdk.hotspot.jre.full.win32.x86_64_21.0.7.v20250502-0916\jre\bin\jimage.dll
Event: 0.890 Loaded shared library D:\Dev_eclipse\eclipse\plugins\org.eclipse.justj.openjdk.hotspot.jre.full.win32.x86_64_21.0.7.v20250502-0916\jre\bin\management.dll
Event: 0.902 Loaded shared library D:\Dev_eclipse\eclipse\plugins\org.eclipse.justj.openjdk.hotspot.jre.full.win32.x86_64_21.0.7.v20250502-0916\jre\bin\management_ext.dll
Event: 1.196 Loaded shared library D:\Dev_eclipse\eclipse\plugins\org.eclipse.justj.openjdk.hotspot.jre.full.win32.x86_64_21.0.7.v20250502-0916\jre\bin\extnet.dll
Event: 1.253 Loaded shared library D:\Dev_eclipse\eclipse\plugins\org.eclipse.justj.openjdk.hotspot.jre.full.win32.x86_64_21.0.7.v20250502-0916\jre\bin\verify.dll
Event: 2.427 Loaded shared library D:\Dev_eclipse\eclipse\plugins\org.eclipse.justj.openjdk.hotspot.jre.full.win32.x86_64_21.0.7.v20250502-0916\jre\bin\sunmscapi.dll

Deoptimization events (20 events):
Event: 7317.616 Thread 0x000001f8f819d920 DEOPT PACKING pc=0x000001f8a814dc59 sp=0x000000507affe420
Event: 7317.616 Thread 0x000001f8f819d920 DEOPT UNPACKING pc=0x000001f8a7cf4e42 sp=0x000000507affd878 mode 1
Event: 7317.616 Thread 0x000001f8f819d920 DEOPT PACKING pc=0x000001f8a80a9eac sp=0x000000507affe4b0
Event: 7317.616 Thread 0x000001f8f819d920 DEOPT UNPACKING pc=0x000001f8a7cf4e42 sp=0x000000507affd958 mode 1
Event: 7317.616 Thread 0x000001f8f819d920 DEOPT PACKING pc=0x000001f8a81ca614 sp=0x000000507affef30
Event: 7317.616 Thread 0x000001f8f819d920 DEOPT UNPACKING pc=0x000001f8a7cf4e42 sp=0x000000507affe3f8 mode 1
Event: 7317.616 Thread 0x000001f8f819d920 DEOPT PACKING pc=0x000001f8a8483e54 sp=0x000000507affefc0
Event: 7317.616 Thread 0x000001f8f819d920 DEOPT UNPACKING pc=0x000001f8a7cf4e42 sp=0x000000507affe4d0 mode 1
Event: 7317.616 Thread 0x000001f8f819d920 DEOPT PACKING pc=0x000001f8a805f7bc sp=0x000000507afff130
Event: 7317.616 Thread 0x000001f8f819d920 DEOPT UNPACKING pc=0x000001f8a7cf4e42 sp=0x000000507affe5f0 mode 1
Event: 7317.617 Thread 0x000001f8f819d920 DEOPT PACKING pc=0x000001f8a814dc59 sp=0x000000507affe420
Event: 7317.617 Thread 0x000001f8f819d920 DEOPT UNPACKING pc=0x000001f8a7cf4e42 sp=0x000000507affd878 mode 1
Event: 7317.617 Thread 0x000001f8f819d920 DEOPT PACKING pc=0x000001f8a80a9eac sp=0x000000507affe4b0
Event: 7317.617 Thread 0x000001f8f819d920 DEOPT UNPACKING pc=0x000001f8a7cf4e42 sp=0x000000507affd958 mode 1
Event: 7317.617 Thread 0x000001f8f819d920 DEOPT PACKING pc=0x000001f8a81ca614 sp=0x000000507affef30
Event: 7317.617 Thread 0x000001f8f819d920 DEOPT UNPACKING pc=0x000001f8a7cf4e42 sp=0x000000507affe3f8 mode 1
Event: 7317.617 Thread 0x000001f8f819d920 DEOPT PACKING pc=0x000001f8a8483e54 sp=0x000000507affefc0
Event: 7317.617 Thread 0x000001f8f819d920 DEOPT UNPACKING pc=0x000001f8a7cf4e42 sp=0x000000507affe4d0 mode 1
Event: 7317.617 Thread 0x000001f8f819d920 DEOPT PACKING pc=0x000001f8a805f7bc sp=0x000000507afff130
Event: 7317.617 Thread 0x000001f8f819d920 DEOPT UNPACKING pc=0x000001f8a7cf4e42 sp=0x000000507affe5f0 mode 1

Classes loaded (20 events):
Event: 2424.366 Loading class java/time/DurationEditor
Event: 2424.366 Loading class java/time/DurationEditor done
Event: 2491.615 Loading class java/time/DurationEditor
Event: 2491.615 Loading class java/time/DurationEditor done
Event: 2580.721 Loading class java/time/DurationEditor
Event: 2580.722 Loading class java/time/DurationEditor done
Event: 2755.808 Loading class java/time/DurationEditor
Event: 2755.808 Loading class java/time/DurationEditor done
Event: 3262.659 Loading class java/time/DurationEditor
Event: 3262.659 Loading class java/time/DurationEditor done
Event: 3574.541 Loading class java/time/DurationEditor
Event: 3574.541 Loading class java/time/DurationEditor done
Event: 5615.800 Loading class java/time/DurationEditor
Event: 5615.800 Loading class java/time/DurationEditor done
Event: 5838.466 Loading class java/time/DurationEditor
Event: 5838.466 Loading class java/time/DurationEditor done
Event: 5944.263 Loading class java/util/ArrayList$SubList$2
Event: 5944.263 Loading class java/util/ArrayList$SubList$2 done
Event: 7292.677 Loading class java/time/DurationEditor
Event: 7292.677 Loading class java/time/DurationEditor done

Classes unloaded (20 events):
Event: 7292.896 Thread 0x000001f8b280fdc0 Unloading class 0x000001f8b43f8800 'java/lang/invoke/LambdaForm$MH+0x000001f8b43f8800'
Event: 7292.896 Thread 0x000001f8b280fdc0 Unloading class 0x000001f8b44b8800 'java/lang/invoke/LambdaForm$MH+0x000001f8b44b8800'
Event: 7292.896 Thread 0x000001f8b280fdc0 Unloading class 0x000001f8b428c000 'java/lang/invoke/LambdaForm$MH+0x000001f8b428c000'
Event: 7292.896 Thread 0x000001f8b280fdc0 Unloading class 0x000001f8b4530400 'java/lang/invoke/LambdaForm$MH+0x000001f8b4530400'
Event: 7292.896 Thread 0x000001f8b280fdc0 Unloading class 0x000001f8b4203400 'java/lang/invoke/LambdaForm$MH+0x000001f8b4203400'
Event: 7292.896 Thread 0x000001f8b280fdc0 Unloading class 0x000001f8b4184c00 'java/lang/invoke/LambdaForm$MH+0x000001f8b4184c00'
Event: 7292.896 Thread 0x000001f8b280fdc0 Unloading class 0x000001f8b40cac00 'java/lang/invoke/LambdaForm$MH+0x000001f8b40cac00'
Event: 7292.896 Thread 0x000001f8b280fdc0 Unloading class 0x000001f8b4009c00 'java/lang/invoke/LambdaForm$MH+0x000001f8b4009c00'
Event: 7292.896 Thread 0x000001f8b280fdc0 Unloading class 0x000001f8b4139000 'java/lang/invoke/LambdaForm$MH+0x000001f8b4139000'
Event: 7292.896 Thread 0x000001f8b280fdc0 Unloading class 0x000001f8b43ee000 'java/lang/invoke/LambdaForm$MH+0x000001f8b43ee000'
Event: 7292.896 Thread 0x000001f8b280fdc0 Unloading class 0x000001f8b44e1400 'java/lang/invoke/LambdaForm$MH+0x000001f8b44e1400'
Event: 7292.896 Thread 0x000001f8b280fdc0 Unloading class 0x000001f8b463ec00 'java/lang/invoke/LambdaForm$BMH+0x000001f8b463ec00'
Event: 7292.896 Thread 0x000001f8b280fdc0 Unloading class 0x000001f8b4484400 'java/lang/invoke/LambdaForm$MH+0x000001f8b4484400'
Event: 7292.896 Thread 0x000001f8b280fdc0 Unloading class 0x000001f8b46e0800 'java/lang/invoke/LambdaForm$MH+0x000001f8b46e0800'
Event: 7292.896 Thread 0x000001f8b280fdc0 Unloading class 0x000001f8b432d000 'java/lang/invoke/LambdaForm$MH+0x000001f8b432d000'
Event: 7292.896 Thread 0x000001f8b280fdc0 Unloading class 0x000001f8b40c1800 'java/lang/invoke/LambdaForm$MH+0x000001f8b40c1800'
Event: 7292.896 Thread 0x000001f8b280fdc0 Unloading class 0x000001f8b40c1000 'java/lang/invoke/LambdaForm$MH+0x000001f8b40c1000'
Event: 7292.896 Thread 0x000001f8b280fdc0 Unloading class 0x000001f8b46b4c18 'com/yedam/app/common/web/URLController'
Event: 7292.896 Thread 0x000001f8b280fdc0 Unloading class 0x000001f8b46b49f8 'com/yedam/app/common/web/ParameterController'
Event: 7292.896 Thread 0x000001f8b280fdc0 Unloading class 0x000001f8b46b4800 'com/yedam/app/Sp03Application'

Classes redefined (3 events):
Event: 146.780 Thread 0x000001f8b280fdc0 redefined class name=com.yedam.app.common.web.ParameterController, count=1
Event: 2420.872 Thread 0x000001f8b280fdc0 redefined class name=com.yedam.app.common.web.ParameterController, count=1
Event: 2420.872 Thread 0x000001f8b280fdc0 redefined class name=com.yedam.app.common.web.ParameterController, count=2

Internal exceptions (20 events):
Event: 7227.973 Thread 0x000001f8f819d920 Exception <a 'java/lang/NoClassDefFoundError'{0x0000000705ab9e28}: org/quartz/Scheduler> (0x0000000705ab9e28) 
thrown [s\src\hotspot\share\oops\constantPool.cpp, line 873]
Event: 7227.974 Thread 0x000001f8f819d920 Exception <a 'java/lang/NoClassDefFoundError'{0x0000000705aba4a8}: org/springframework/session/jdbc/JdbcIndexedSessionRepository> (0x0000000705aba4a8) 
thrown [s\src\hotspot\share\oops\constantPool.cpp, line 873]
Event: 7228.021 Thread 0x000001f8f819d920 Exception <a 'java/io/FileNotFoundException'{0x000000070578ab20}> (0x000000070578ab20) 
thrown [s\src\hotspot\share\prims\jni.cpp, line 520]
Event: 7228.071 Thread 0x000001f8f819d920 Exception <a 'java/io/FileNotFoundException'{0x0000000705367008}> (0x0000000705367008) 
thrown [s\src\hotspot\share\prims\jni.cpp, line 520]
Event: 7228.079 Thread 0x000001f8f819d920 Exception <a 'java/lang/NoClassDefFoundError'{0x00000007050014b8}: UserBO> (0x00000007050014b8) 
thrown [s\src\hotspot\share\classfile\systemDictionary.cpp, line 301]
Event: 7228.083 Thread 0x000001f8f819f360 Exception <a 'java/lang/InterruptedException'{0x000000070503a5e8}: sleep interrupted> (0x000000070503a5e8) 
thrown [s\src\hotspot\share\prims\jvm.cpp, line 3074]
Event: 7228.093 Thread 0x000001f8f819d920 Exception <a 'java/lang/NoClassDefFoundError'{0x000000070505d958}: jakarta/validation/ValidationException> (0x000000070505d958) 
thrown [s\src\hotspot\share\classfile\systemDictionary.cpp, line 301]
Event: 7228.093 Thread 0x000001f8f819d920 Exception <a 'java/lang/NoClassDefFoundError'{0x000000070505ff08}: liquibase/exception/ChangeLogParseException> (0x000000070505ff08) 
thrown [s\src\hotspot\share\classfile\systemDictionary.cpp, line 301]
Event: 7292.060 Thread 0x000001f8f819f360 Exception <a 'sun/nio/fs/WindowsException'{0x0000000704cc9c28}> (0x0000000704cc9c28) 
thrown [s\src\hotspot\share\prims\jni.cpp, line 520]
Event: 7292.544 Thread 0x000001f8f819f360 Exception <a 'java/lang/NoClassDefFoundError'{0x0000000705f2cf28}: org/flywaydb/core/Flyway> (0x0000000705f2cf28) 
thrown [s\src\hotspot\share\oops\constantPool.cpp, line 873]
Event: 7292.546 Thread 0x000001f8f819f360 Exception <a 'java/lang/NoClassDefFoundError'{0x0000000705f2d588}: liquibase/integration/spring/SpringLiquibase> (0x0000000705f2d588) 
thrown [s\src\hotspot\share\oops\constantPool.cpp, line 873]
Event: 7292.550 Thread 0x000001f8f819f360 Exception <a 'java/lang/NoClassDefFoundError'{0x0000000705f617d0}: org/jooq/DSLContext> (0x0000000705f617d0) 
thrown [s\src\hotspot\share\oops\constantPool.cpp, line 873]
Event: 7292.551 Thread 0x000001f8f819f360 Exception <a 'java/lang/NoClassDefFoundError'{0x0000000705f62d10}: jakarta/persistence/EntityManagerFactory> (0x0000000705f62d10) 
thrown [s\src\hotspot\share\oops\constantPool.cpp, line 873]
Event: 7292.557 Thread 0x000001f8f819f360 Exception <a 'java/lang/NoClassDefFoundError'{0x0000000705c003b8}: org/springframework/batch/core/repository/JobRepository> (0x0000000705c003b8) 
thrown [s\src\hotspot\share\oops\constantPool.cpp, line 873]
Event: 7292.558 Thread 0x000001f8f819f360 Exception <a 'java/lang/NoClassDefFoundError'{0x0000000705c00a10}: org/quartz/Scheduler> (0x0000000705c00a10) 
thrown [s\src\hotspot\share\oops\constantPool.cpp, line 873]
Event: 7292.558 Thread 0x000001f8f819f360 Exception <a 'java/lang/NoClassDefFoundError'{0x0000000705c01090}: org/springframework/session/jdbc/JdbcIndexedSessionRepository> (0x0000000705c01090) 
thrown [s\src\hotspot\share\oops\constantPool.cpp, line 873]
Event: 7292.607 Thread 0x000001f8f819f360 Exception <a 'java/io/FileNotFoundException'{0x00000007058d0a58}> (0x00000007058d0a58) 
thrown [s\src\hotspot\share\prims\jni.cpp, line 520]
Event: 7292.658 Thread 0x000001f8f819f360 Exception <a 'java/io/FileNotFoundException'{0x00000007054b0ea0}> (0x00000007054b0ea0) 
thrown [s\src\hotspot\share\prims\jni.cpp, line 520]
Event: 7293.128 Thread 0x000001f8fa4437d0 Exception <a 'java/lang/NoSuchMethodError'{0x00000007052f6af0}: static [B.<clinit>()V> (0x00000007052f6af0) 
thrown [s\src\hotspot\share\prims\jni.cpp, line 1111]
Event: 7293.128 Thread 0x000001f8fa443e60 Exception <a 'java/lang/NoSuchMethodError'{0x00000007052ebe10}: static [B.<clinit>()V> (0x00000007052ebe10) 
thrown [s\src\hotspot\share\prims\jni.cpp, line 1111]

ZGC Phase Switch (0 events):
No events

VM Operations (20 events):
Event: 7305.137 Executing VM operation: get/set locals done
Event: 7305.138 Executing VM operation: get/set locals
Event: 7305.138 Executing VM operation: get/set locals done
Event: 7305.138 Executing VM operation: get/set locals
Event: 7305.138 Executing VM operation: get/set locals done
Event: 7305.139 Executing VM operation: get/set locals
Event: 7305.139 Executing VM operation: get/set locals done
Event: 7305.140 Executing VM operation: get/set locals
Event: 7305.140 Executing VM operation: get/set locals done
Event: 7316.211 Executing VM operation: ChangeSingleStep
Event: 7316.211 Executing VM operation: ChangeSingleStep done
Event: 7316.211 Executing VM operation: ChangeSingleStep
Event: 7316.211 Executing VM operation: ChangeSingleStep done
Event: 7318.225 Executing VM operation: Cleanup
Event: 7318.225 Executing VM operation: Cleanup done
Event: 7335.641 Executing VM operation: HandshakeAllThreads (HandshakeForDeflation)
Event: 7335.641 Executing VM operation: HandshakeAllThreads (HandshakeForDeflation) done
Event: 7335.642 Executing VM operation: RendezvousGCThreads
Event: 7335.642 Executing VM operation: RendezvousGCThreads done
Event: 7345.425 Executing VM operation: G1CollectForAllocation (G1 Evacuation Pause)

Memory protections (0 events):
No events

Nmethod flushes (20 events):
Event: 7227.922 Thread 0x000001f8b280fdc0 flushing  nmethod 0x000001f8a8183790
Event: 7227.922 Thread 0x000001f8b280fdc0 flushing  nmethod 0x000001f8a7e04190
Event: 7227.922 Thread 0x000001f8b280fdc0 flushing  nmethod 0x000001f8a81bd790
Event: 7227.922 Thread 0x000001f8b280fdc0 flushing  nmethod 0x000001f8a81ef490
Event: 7227.922 Thread 0x000001f8b280fdc0 flushing  nmethod 0x000001f8a81f2410
Event: 7227.922 Thread 0x000001f8b280fdc0 flushing  nmethod 0x000001f8a7e58410
Event: 7227.922 Thread 0x000001f8b280fdc0 flushing  nmethod 0x000001f8a7f05f10
Event: 7227.922 Thread 0x000001f8b280fdc0 flushing  nmethod 0x000001f8a867bb90
Event: 7227.922 Thread 0x000001f8b280fdc0 flushing  nmethod 0x000001f8a81e6f90
Event: 7227.922 Thread 0x000001f8b280fdc0 flushing  nmethod 0x000001f8a847e490
Event: 7227.922 Thread 0x000001f8b280fdc0 flushing  nmethod 0x000001f8a86c7310
Event: 7227.922 Thread 0x000001f8b280fdc0 flushing  nmethod 0x000001f8a86e4790
Event: 7227.922 Thread 0x000001f8b280fdc0 flushing  nmethod 0x000001f8a87a4510
Event: 7227.922 Thread 0x000001f8b280fdc0 flushing  nmethod 0x000001f8a7dee690
Event: 7227.922 Thread 0x000001f8b280fdc0 flushing  nmethod 0x000001f8a8424e90
Event: 7227.922 Thread 0x000001f8b280fdc0 flushing  nmethod 0x000001f8a8516010
Event: 7227.922 Thread 0x000001f8b280fdc0 flushing  nmethod 0x000001f8a8620110
Event: 7227.922 Thread 0x000001f8b280fdc0 flushing  nmethod 0x000001f8a8892e10
Event: 7227.922 Thread 0x000001f8b280fdc0 flushing  nmethod 0x000001f8a8c74990
Event: 7227.922 Thread 0x000001f8b280fdc0 flushing  nmethod 0x000001f8a860fd90

Events (20 events):
Event: 7293.132 Thread 0x000001f8fa4444f0 Thread exited: 0x000001f8fa4444f0
Event: 7293.132 Thread 0x000001f8fa444b80 Thread exited: 0x000001f8fa444b80
Event: 7293.133 Thread 0x000001f8fa443e60 Thread added: 0x000001f8fa4444f0
Event: 7293.135 Thread 0x000001f8fa4444f0 Thread exited: 0x000001f8fa4444f0
Event: 7293.139 Thread 0x000001f8f819b850 Thread added: 0x000001f8fa4444f0
Event: 7298.995 Thread 0x000001f8fa4444f0 Thread exited: 0x000001f8fa4444f0
Event: 7317.618 Thread 0x000001f8f819d920 Thread added: 0x000001f8fa4444f0
Event: 7317.618 Thread 0x000001f8f819d920 Thread exited: 0x000001f8f819d920
Event: 7317.620 Thread 0x000001f8fa4444f0 Thread added: 0x000001f8fa445210
Event: 7317.627 Thread 0x000001f8fa441d90 Thread exited: 0x000001f8fa441d90
Event: 7337.052 Thread 0x000001f8fa443e60 Thread added: 0x000001f8fa441d90
Event: 7342.418 Thread 0x000001f8fa440350 Thread added: 0x000001f8fa444b80
Event: 7343.137 Thread 0x000001f8fa442420 Thread added: 0x000001f8f81a0080
Event: 7343.488 Thread 0x000001f8f82e0980 Thread added: 0x000001f8f819d920
Event: 7343.489 Thread 0x000001f8f819d920 Thread added: 0x000001f8f819f360
Event: 7343.697 Thread 0x000001f8f82e0980 Thread added: 0x000001f8f8a22c40
Event: 7343.697 Thread 0x000001f8f8a22c40 Thread added: 0x000001f8f8a225b0
Event: 7344.337 Thread 0x000001f8f82e0980 Thread added: 0x000001f8f8a24680
Event: 7344.337 Thread 0x000001f8f8a24680 Thread added: 0x000001f8f8518ec0
Event: 7345.425 Thread 0x000001f8f82e0980 Thread added: 0x000001f8f851a270


Dynamic libraries:
0x00007ff6c7ae0000 - 0x00007ff6c7aee000 	D:\Dev_eclipse\eclipse\plugins\org.eclipse.justj.openjdk.hotspot.jre.full.win32.x86_64_21.0.7.v20250502-0916\jre\bin\javaw.exe
0x00007fff16970000 - 0x00007fff16b68000 	C:\Windows\SYSTEM32\ntdll.dll
0x00007fff167f0000 - 0x00007fff168b2000 	C:\Windows\System32\KERNEL32.DLL
0x00007fff14390000 - 0x00007fff14686000 	C:\Windows\System32\KERNELBASE.dll
0x00007fff14890000 - 0x00007fff14990000 	C:\Windows\System32\ucrtbase.dll
0x00007fff08950000 - 0x00007fff08968000 	D:\Dev_eclipse\eclipse\plugins\org.eclipse.justj.openjdk.hotspot.jre.full.win32.x86_64_21.0.7.v20250502-0916\jre\bin\jli.dll
0x00007fff15930000 - 0x00007fff15ad1000 	C:\Windows\System32\USER32.dll
0x00007ffef66e0000 - 0x00007ffef697b000 	C:\Windows\WinSxS\amd64_microsoft.windows.common-controls_6595b64144ccf1df_6.0.19041.6456_none_60b8a6cb71f64256\COMCTL32.dll
0x00007fff14240000 - 0x00007fff14262000 	C:\Windows\System32\win32u.dll
0x00007fff15ae0000 - 0x00007fff15b7e000 	C:\Windows\System32\msvcrt.dll
0x00007fff165f0000 - 0x00007fff1661b000 	C:\Windows\System32\GDI32.dll
0x00007fff14770000 - 0x00007fff14889000 	C:\Windows\System32\gdi32full.dll
0x00007fff142f0000 - 0x00007fff1438d000 	C:\Windows\System32\msvcp_win.dll
0x00007ffef03f0000 - 0x00007ffef040e000 	D:\Dev_eclipse\eclipse\plugins\org.eclipse.justj.openjdk.hotspot.jre.full.win32.x86_64_21.0.7.v20250502-0916\jre\bin\VCRUNTIME140.dll
0x00007fff14990000 - 0x00007fff149bf000 	C:\Windows\System32\IMM32.DLL
0x00007fff047c0000 - 0x00007fff047cc000 	D:\Dev_eclipse\eclipse\plugins\org.eclipse.justj.openjdk.hotspot.jre.full.win32.x86_64_21.0.7.v20250502-0916\jre\bin\vcruntime140_1.dll
0x00007ffee4760000 - 0x00007ffee47ed000 	D:\Dev_eclipse\eclipse\plugins\org.eclipse.justj.openjdk.hotspot.jre.full.win32.x86_64_21.0.7.v20250502-0916\jre\bin\msvcp140.dll
0x00007ffed5f60000 - 0x00007ffed6cf0000 	D:\Dev_eclipse\eclipse\plugins\org.eclipse.justj.openjdk.hotspot.jre.full.win32.x86_64_21.0.7.v20250502-0916\jre\bin\server\jvm.dll
0x00007fff15c80000 - 0x00007fff15d31000 	C:\Windows\System32\ADVAPI32.dll
0x00007fff16750000 - 0x00007fff167ef000 	C:\Windows\System32\sechost.dll
0x00007fff15290000 - 0x00007fff153b0000 	C:\Windows\System32\RPCRT4.dll
0x00007fff14210000 - 0x00007fff14237000 	C:\Windows\System32\bcrypt.dll
0x00007fff15c10000 - 0x00007fff15c7b000 	C:\Windows\System32\WS2_32.dll
0x00007fff13e60000 - 0x00007fff13eab000 	C:\Windows\SYSTEM32\POWRPROF.dll
0x00007fff07500000 - 0x00007fff07527000 	C:\Windows\SYSTEM32\WINMM.dll
0x00007fff07dc0000 - 0x00007fff07dca000 	C:\Windows\SYSTEM32\VERSION.dll
0x00007fff13e40000 - 0x00007fff13e52000 	C:\Windows\SYSTEM32\UMPDC.dll
0x00007fff11db0000 - 0x00007fff11dc2000 	C:\Windows\SYSTEM32\kernel.appcore.dll
0x00007fff0da80000 - 0x00007fff0da8a000 	D:\Dev_eclipse\eclipse\plugins\org.eclipse.justj.openjdk.hotspot.jre.full.win32.x86_64_21.0.7.v20250502-0916\jre\bin\jimage.dll
0x00007fff072f0000 - 0x00007fff074f1000 	C:\Windows\SYSTEM32\DBGHELP.DLL
0x00007fff05950000 - 0x00007fff05984000 	C:\Windows\SYSTEM32\dbgcore.DLL
0x00007fff146e0000 - 0x00007fff14762000 	C:\Windows\System32\bcryptPrimitives.dll
0x00007ffef5a40000 - 0x00007ffef5a7c000 	D:\Dev_eclipse\eclipse\plugins\org.eclipse.justj.openjdk.hotspot.jre.full.win32.x86_64_21.0.7.v20250502-0916\jre\bin\jdwp.dll
0x00007fff0d910000 - 0x00007fff0d91f000 	D:\Dev_eclipse\eclipse\plugins\org.eclipse.justj.openjdk.hotspot.jre.full.win32.x86_64_21.0.7.v20250502-0916\jre\bin\instrument.dll
0x00007fff06310000 - 0x00007fff0632f000 	D:\Dev_eclipse\eclipse\plugins\org.eclipse.justj.openjdk.hotspot.jre.full.win32.x86_64_21.0.7.v20250502-0916\jre\bin\java.dll
0x00007fff15dd0000 - 0x00007fff16540000 	C:\Windows\System32\SHELL32.dll
0x00007fff12090000 - 0x00007fff12835000 	C:\Windows\SYSTEM32\windows.storage.dll
0x00007fff153b0000 - 0x00007fff15704000 	C:\Windows\System32\combase.dll
0x00007fff13950000 - 0x00007fff1397b000 	C:\Windows\SYSTEM32\Wldp.dll
0x00007fff14ae0000 - 0x00007fff14bad000 	C:\Windows\System32\OLEAUT32.dll
0x00007fff16540000 - 0x00007fff165ed000 	C:\Windows\System32\SHCORE.dll
0x00007fff15b80000 - 0x00007fff15bdb000 	C:\Windows\System32\shlwapi.dll
0x00007fff13f30000 - 0x00007fff13f54000 	C:\Windows\SYSTEM32\profapi.dll
0x00007fff047d0000 - 0x00007fff047e8000 	D:\Dev_eclipse\eclipse\plugins\org.eclipse.justj.openjdk.hotspot.jre.full.win32.x86_64_21.0.7.v20250502-0916\jre\bin\zip.dll
0x00007fff0db20000 - 0x00007fff0db2b000 	D:\Dev_eclipse\eclipse\plugins\org.eclipse.justj.openjdk.hotspot.jre.full.win32.x86_64_21.0.7.v20250502-0916\jre\bin\dt_socket.dll
0x00007fff13390000 - 0x00007fff133cb000 	C:\Windows\SYSTEM32\IPHLPAPI.DLL
0x00007fff136b0000 - 0x00007fff1371a000 	C:\Windows\system32\mswsock.dll
0x00007fff133d0000 - 0x00007fff1349a000 	C:\Windows\SYSTEM32\DNSAPI.dll
0x00007fff15c00000 - 0x00007fff15c08000 	C:\Windows\System32\NSI.dll
0x00007fff0cb10000 - 0x00007fff0cb1a000 	C:\Windows\System32\rasadhlp.dll
0x00007fff0c7d0000 - 0x00007fff0c850000 	C:\Windows\System32\fwpuclnt.dll
0x00007fff0d6a0000 - 0x00007fff0d6b0000 	D:\Dev_eclipse\eclipse\plugins\org.eclipse.justj.openjdk.hotspot.jre.full.win32.x86_64_21.0.7.v20250502-0916\jre\bin\net.dll
0x00007fff0dbf0000 - 0x00007fff0dcfa000 	C:\Windows\SYSTEM32\WINHTTP.dll
0x00007ffef6ca0000 - 0x00007ffef6cb6000 	D:\Dev_eclipse\eclipse\plugins\org.eclipse.justj.openjdk.hotspot.jre.full.win32.x86_64_21.0.7.v20250502-0916\jre\bin\nio.dll
0x00007fff0e030000 - 0x00007fff0e03a000 	D:\Dev_eclipse\eclipse\plugins\org.eclipse.justj.openjdk.hotspot.jre.full.win32.x86_64_21.0.7.v20250502-0916\jre\bin\management.dll
0x00007ffefdfe0000 - 0x00007ffefdfeb000 	D:\Dev_eclipse\eclipse\plugins\org.eclipse.justj.openjdk.hotspot.jre.full.win32.x86_64_21.0.7.v20250502-0916\jre\bin\management_ext.dll
0x00007fff15710000 - 0x00007fff15718000 	C:\Windows\System32\PSAPI.DLL
0x00007ffeffc30000 - 0x00007ffeffc47000 	C:\Windows\system32\napinsp.dll
0x00007fff00d50000 - 0x00007fff00d6b000 	C:\Windows\system32\pnrpnsp.dll
0x00007ffefe570000 - 0x00007ffefe58d000 	C:\Windows\system32\wshbth.dll
0x00007fff11270000 - 0x00007fff1128d000 	C:\Windows\system32\NLAapi.dll
0x00007ffefd8f0000 - 0x00007ffefd902000 	C:\Windows\System32\winrnr.dll
0x00007fff138b0000 - 0x00007fff138c8000 	C:\Windows\SYSTEM32\CRYPTSP.dll
0x00007fff12fd0000 - 0x00007fff13008000 	C:\Windows\system32\rsaenh.dll
0x00007fff13ef0000 - 0x00007fff13f1e000 	C:\Windows\SYSTEM32\USERENV.dll
0x00007fff138a0000 - 0x00007fff138ac000 	C:\Windows\SYSTEM32\CRYPTBASE.dll
0x00007fff08890000 - 0x00007fff08899000 	D:\Dev_eclipse\eclipse\plugins\org.eclipse.justj.openjdk.hotspot.jre.full.win32.x86_64_21.0.7.v20250502-0916\jre\bin\extnet.dll
0x00007fff0b8b0000 - 0x00007fff0b8c0000 	D:\Dev_eclipse\eclipse\plugins\org.eclipse.justj.openjdk.hotspot.jre.full.win32.x86_64_21.0.7.v20250502-0916\jre\bin\verify.dll
0x00007fff116a0000 - 0x00007fff116ae000 	D:\Dev_eclipse\eclipse\plugins\org.eclipse.justj.openjdk.hotspot.jre.full.win32.x86_64_21.0.7.v20250502-0916\jre\bin\sunmscapi.dll
0x00007fff14000000 - 0x00007fff1415d000 	C:\Windows\System32\CRYPT32.dll
0x00007fff139c0000 - 0x00007fff139e7000 	C:\Windows\SYSTEM32\ncrypt.dll
0x00007fff13980000 - 0x00007fff139bb000 	C:\Windows\SYSTEM32\NTASN1.dll
0x00007ffefb770000 - 0x00007ffefb777000 	C:\Windows\system32\wshunix.dll

dbghelp: loaded successfully - version: 4.0.5 - missing functions: none
symbol engine: initialized successfully - sym options: 0x614 - pdb path: .;D:\Dev_eclipse\eclipse\plugins\org.eclipse.justj.openjdk.hotspot.jre.full.win32.x86_64_21.0.7.v20250502-0916\jre\bin;C:\Windows\SYSTEM32;C:\Windows\WinSxS\amd64_microsoft.windows.common-controls_6595b64144ccf1df_6.0.19041.6456_none_60b8a6cb71f64256;D:\Dev_eclipse\eclipse\plugins\org.eclipse.justj.openjdk.hotspot.jre.full.win32.x86_64_21.0.7.v20250502-0916\jre\bin\server

VM Arguments:
jvm_args: -XX:+ShowCodeDetailsInExceptionMessages -agentlib:jdwp=transport=dt_socket,suspend=y,address=localhost:49796 -Dcom.sun.management.jmxremote -Dcom.sun.management.jmxremote.port=49794 -Dcom.sun.management.jmxremote.authenticate=false -Dcom.sun.management.jmxremote.ssl=false -Djava.rmi.server.hostname=localhost -Dspring.jmx.enabled=true -Dmanagement.endpoints.jmx.exposure.include=* -Dspring.application.admin.enabled=true -Dspring.output.ansi.enabled=always -XX:TieredStopAtLevel=1 -Dspring.boot.project.name=sp03 -javaagent:D:\Dev_eclipse\eclipse\configuration\org.eclipse.osgi\442\0\.cp\lib\javaagent-shaded.jar -Dfile.encoding=UTF-8 -Dstdout.encoding=UTF-8 -Dstderr.encoding=UTF-8 
java_command: com.yedam.app.Sp03Application
java_class_path (initial): D:\Dev_eclipse\springworkspace\sp03\target\classes;C:\Users\admin\.m2\repository\org\springframework\boot\spring-boot-starter-actuator\3.5.9\spring-boot-starter-actuator-3.5.9.jar;C:\Users\admin\.m2\repository\org\springframework\boot\spring-boot-starter\3.5.9\spring-boot-starter-3.5.9.jar;C:\Users\admin\.m2\repository\org\springframework\boot\spring-boot-starter-logging\3.5.9\spring-boot-starter-logging-3.5.9.jar;C:\Users\admin\.m2\repository\ch\qos\logback\logback-classic\1.5.22\logback-classic-1.5.22.jar;C:\Users\admin\.m2\repository\ch\qos\logback\logback-core\1.5.22\logback-core-1.5.22.jar;C:\Users\admin\.m2\repository\org\apache\logging\log4j\log4j-to-slf4j\2.24.3\log4j-to-slf4j-2.24.3.jar;C:\Users\admin\.m2\repository\org\apache\logging\log4j\log4j-api\2.24.3\log4j-api-2.24.3.jar;C:\Users\admin\.m2\repository\org\slf4j\jul-to-slf4j\2.0.17\jul-to-slf4j-2.0.17.jar;C:\Users\admin\.m2\repository\jakarta\annotation\jakarta.annotation-api\2.1.1\jakarta.annotation-api-2.1.1.jar;C:\Users\admin\.m2\repository\org\yaml\snakeyaml\2.4\snakeyaml-2.4.jar;C:\Users\admin\.m2\repository\org\springframework\boot\spring-boot-actuator-autoconfigure\3.5.9\spring-boot-actuator-autoconfigure-3.5.9.jar;C:\Users\admin\.m2\repository\org\springframework\boot\spring-boot-actuator\3.5.9\spring-boot-actuator-3.5.9.jar;C:\Users\admin\.m2\repository\com\fasterxml\jackson\core\jackson-databind\2.19.4\jackson-databind-2.19.4.jar;C:\Users\admin\.m2\repository\com\fasterxml\jackson\core\jackson-annotations\2.19.4\jackson-annotations-2.19.4.jar;C:\Users\admin\.m2\repository\com\fasterxml\jackson\core\jackson-core\2.19.4\jackson-core-2.19.4.jar;C:\Users\admin\.m2\repository\com\fasterxml\jackson\datatype\jackson-datatype-jsr310\2.19.4\jackson-datatype-jsr310-2.19.4.jar;C:\Users\admin\.m2\repository\io\micrometer\micrometer-observation\1.15.7\micrometer-observation-1.15.7.jar;C:\Users\admin\.m2\repository\io\micrometer\micrometer-commons\1.15.7\micrometer-commons-1.15.7.jar;C:\Users\admin\.m2\repository\io\micrometer\micrometer-jakarta9\1.15.7\micrometer-jakarta9-1.15.7.jar;C:\Users\admin\.m2\repository\io\micrometer\micrometer-core\1.15.7\micrometer-core-1.15.7.jar;C:\Users\admin\.m2\repository\org\hdrhistogram\HdrHistogram\2.2.2\HdrHistogram-2.2.2.jar;C:\Users\admin\.m2\repository\org\latencyutils\LatencyUtils\2.0.3\LatencyUtils-2.0.3.jar;C:\Users\admin\.m2\repository\org\springframework\boot\spring-boot-starter-data-jdbc\3.5.9\spring-boot-starter-data-jdbc-3.5.9.jar;C:\Users\admin\.m2\repository\org\springframework\boot\spring-boot-starter-jdbc\3.5.9\spring-boot-starter-jdbc-3.5.9.jar;C:\Users\admin\.m2\repository\com\zaxxer\HikariCP\6.3.3\HikariCP-6.3.3.jar;C:\Users\admin\.m2\repository\org\springframework\spring-jdbc\6.2.15\spring-jdbc-6.2.15.jar;C:\Users\admin\.m2\repository\org\springframework\data\spring-data-jdbc\3.5.7\spring-data-jdbc-3.5.7.jar;C:\Users\admin\.m2\repository\org\springframework\data\spring-data-relational\3.5.7\spring-data-relational-3.5.7.jar;C:\Users\admin\.m2\repository\org\springframework\data\spring-data-commons\3.5.7\spring-data-commons-3.5.7.jar;C:\Users\admin\.m2\repository\org\springframework\spring-tx\6.2.15\spring-tx-6.2.15.jar;C:\Users\admin\.m2\repository\org\springframework\spring-context\6.2.15\spring-context-6.2.15.jar;C:\Users\admin\.m2\repository\org\springframework\spring-beans\6.2.15\spring-beans-6.2.15.jar;C:\Users\admin\.m2\repository\org\slf4j\slf4j-api\2.0.17\slf4j-api-2.0.17.jar;C:\Users\admin\.m2\repository\org\springframework\boot\spring-boot-starter-thymeleaf\3.5.9\spring-boot-starter-thymeleaf-3.5.9.jar;C:\Users\admin\.m2\repository\org\thymeleaf\thymeleaf-spring6\3.1.3.RELEASE\thymeleaf-spring6-3.1.3.RELEASE.jar;C:\Users\admin\.m2\repository\org\thymeleaf\thymeleaf\3.1.3.RELEASE\thymeleaf-3.1.3.RELEASE.jar;C:\Users\admin\.m2\repository\org\attoparser\attoparser\2.0.7.RELEASE\attoparser-2.0.7.RELEASE.jar;C:\Users\admin\.m2\repository\org\unbescape\unbescape\1.1.6.RELEASE\unbescape-1.1.6.RELEASE.jar;C:\Users\admin\.m2\repository\org\springframework\boot\spring-boot-starter-web\3.5.9\spring-boot-starter-web-3.5.9.jar;C:\Users\admin\.m2\repository\org\springframework\boot\spring-boot-starter-json\3.5.9\spring-boot-starter-json-3.5.9.jar;C:\Users\admin\.m2\repository\com\fasterxml\jackson\datatype\jackson-datatype-jdk8\2.19.4\jackson-datatype-jdk8-2.19.4.jar;C:\Users\admin\.m2\repository\com\fasterxml\jackson\module\jackson-module-parameter-names\2.19.4\jackson-module-parameter-names-2.19.4.jar;C:\Users\admin\.m2\repository\org\springframework\boot\spring-boot-starter-tomcat\3.5.9\spring-boot-starter-tomcat-3.5.9.jar;C:\Users\admin\.m2\repository\org\apache\tomcat\embed\tomcat-embed-core\10.1.50\tomcat-embed-core-10.1.50.jar;C:\Users\admin\.m2\repository\org\apache\tomcat\embed\tomcat-embed-el\10.1.50\tomcat-embed-el-10.1.50.jar;C:\Users\admin\.m2\repository\org\apache\tomcat\embed\tomcat-embed-websocket\10.1.50\tomcat-embed-websocket-10.1.50.jar;C:\Users\admin\.m2\repository\org\springframework\spring-web\6.2.15\spring-web-6.2.15.jar;C:\Users\admin\.m2\repository\org\springframework\spring-webmvc\6.2.15\spring-webmvc-6.2.15.jar;C:\Users\admin\.m2\repository\org\springframework\spring-aop\6.2.15\spring-aop-6.2.15.jar;C:\Users\admin\.m2\repository\org\springframework\spring-expression\6.2.15\spring-expression-6.2.15.jar;C:\Users\admin\.m2\repository\org\mybatis\spring\boot\mybatis-spring-boot-starter\3.0.5\mybatis-spring-boot-starter-3.0.5.jar;C:\Users\admin\.m2\repository\org\mybatis\spring\boot\mybatis-spring-boot-autoconfigure\3.0.5\mybatis-spring-boot-autoconfigure-3.0.5.jar;C:\Users\admin\.m2\repository\org\mybatis\mybatis\3.5.19\mybatis-3.5.19.jar;C:\Users\admin\.m2\repository\org\mybatis\mybatis-spring\3.0.5\mybatis-spring-3.0.5.jar;C:\Users\admin\.m2\repository\org\springframework\boot\spring-boot-devtools\3.5.9\spring-boot-devtools-3.5.9.jar;C:\Users\admin\.m2\repository\org\springframework\boot\spring-boot\3.5.9\spring-boot-3.5.9.jar;C:\Users\admin\.m2\repository\org\springframework\boot\spring-boot-autoconfigure\3.5.9\spring-boot-autoconfigure-3.5.9.jar;C:\Users\admin\.m2\repository\com\oracle\database\jdbc\ojdbc11\23.7.0.25.01\ojdbc11-23.7.0.25.01.jar;C:\Users\admin\.m2\repository\org\projectlombok\lombok\1.18.42\lombok-1.18.42.jar;C:\Users\admin\.m2\repository\org\springframework\spring-core\6.2.15\spring-core-6.2.15.jar;C:\Users\admin\.m2\repository\org\springframework\spring-jcl\6.2.15\spring-jcl-6.2.15.jar
Launcher Type: SUN_STANDARD

[Global flags]
     intx CICompilerCount                          = 4                                         {product} {ergonomic}
     uint ConcGCThreads                            = 2                                         {product} {ergonomic}
     uint G1ConcRefinementThreads                  = 8                                         {product} {ergonomic}
   size_t G1HeapRegionSize                         = 2097152                                   {product} {ergonomic}
    uintx GCDrainStackTargetSize                   = 64                                        {product} {ergonomic}
   size_t InitialHeapSize                          = 268435456                                 {product} {ergonomic}
     bool ManagementServer                         = true                                      {product} {command line}
   size_t MarkStackSize                            = 4194304                                   {product} {ergonomic}
   size_t MaxHeapSize                              = 4271898624                                {product} {ergonomic}
   size_t MaxNewSize                               = 2562719744                                {product} {ergonomic}
   size_t MinHeapDeltaBytes                        = 2097152                                   {product} {ergonomic}
   size_t MinHeapSize                              = 8388608                                   {product} {ergonomic}
    uintx NonNMethodCodeHeapSize                   = 4096                                   {pd product} {ergonomic}
    uintx NonProfiledCodeHeapSize                  = 0                                      {pd product} {ergonomic}
     bool ProfileInterpreter                       = false                                  {pd product} {command line}
    uintx ProfiledCodeHeapSize                     = 0                                      {pd product} {ergonomic}
     bool ShowCodeDetailsInExceptionMessages       = true                                   {manageable} {command line}
   size_t SoftMaxHeapSize                          = 4271898624                             {manageable} {ergonomic}
     intx TieredStopAtLevel                        = 1                                         {product} {command line}
     bool UseCompressedOops                        = true                           {product lp64_product} {ergonomic}
     bool UseG1GC                                  = true                                      {product} {ergonomic}
     bool UseLargePagesIndividualAllocation        = false                                  {pd product} {ergonomic}

Logging:
Log output configuration:
 #0: stdout all=warning uptime,level,tags foldmultilines=false
 #1: stderr all=off uptime,level,tags foldmultilines=false

Environment Variables:
JAVA_HOME=C:\Program Files\Java\jdk-21
PATH=D:\Dev_eclipse\eclipse\plugins\org.eclipse.justj.openjdk.hotspot.jre.full.win32.x86_64_21.0.7.v20250502-0916\jre\bin;D:/Dev_eclipse/eclipse//plugins/org.eclipse.justj.openjdk.hotspot.jre.full.win32.x86_64_21.0.7.v20250502-0916/jre/bin/server;D:/Dev_eclipse/eclipse//plugins/org.eclipse.justj.openjdk.hotspot.jre.full.win32.x86_64_21.0.7.v20250502-0916/jre/bin;C:\Program Files\Common Files\Oracle\Java\javapath;C:\app\admin\product\21c\dbhomeXE\bin;C:\Windows\system32;C:\Windows;C:\Windows\System32\Wbem;C:\Windows\System32\WindowsPowerShell\v1.0\;C:\Windows\System32\OpenSSH\;%JAVA_HOME%bin;D:\Dev_eclipse\apache-maven-3.9.12\bin;C:\Program Files\Git\cmd;C:\Program Files\nodejs\;C:\Users\admin\AppData\Local\Microsoft\WindowsApps;C:\Users\admin\AppData\Local\GitHubDesktop\bin;C:\Users\admin\AppData\Roaming\npm;C:\Users\admin\AppData\Local\Programs\Microsoft VS Code\bin;D:\Dev_eclipse\eclipse;
USERNAME=admin
OS=Windows_NT
PROCESSOR_IDENTIFIER=Intel64 Family 6 Model 42 Stepping 7, GenuineIntel
TMP=C:\Users\admin\AppData\Local\Temp
TEMP=C:\Users\admin\AppData\Local\Temp




Periodic native trim disabled

---------------  S Y S T E M  ---------------

OS:
 Windows 10 , 64 bit Build 19041 (10.0.19041.5915)
OS uptime: 48 days 1:48 hours

CPU: total 8 (initial active 8) (4 cores per cpu, 2 threads per core) family 6 model 42 stepping 7 microcode 0x2f, cx8, cmov, fxsr, ht, mmx, sse, sse2, sse3, ssse3, sse4.1, sse4.2, popcnt, tsc, tscinvbit, avx, aes, clmul, vzeroupper, clflush, rdtscp
Processor Information for the first 8 processors :
  Max Mhz: 3401, Current Mhz: 3401, Mhz Limit: 3401

Memory: 4k page, system-wide physical 16295M (6754M free)
TotalPageFile size 18983M (AvailPageFile size 5066M)
current process WorkingSet (physical memory assigned to process): 221M, peak: 285M
current process commit charge ("private bytes"): 262M, peak: 376M

vm_info: OpenJDK 64-Bit Server VM (21.0.7+6-LTS) for windows-amd64 JRE (21.0.7+6-LTS), built on 2025-04-15T00:00:00Z by "admin" with MS VC++ 17.7 (VS2022)

END.
